Analyzing Ente-RIT...

  error - lib\core\widgets\full_screen_image_viewer.dart:12:8 - Target of URI doesn't exist: 'comments_sheet.dart'. Try creating the file referenced by the URI, or try using a URI for a file that does exist. - uri_does_not_exist
  error - lib\core\widgets\full_screen_image_viewer.dart:13:8 - Target of URI doesn't exist: 'share_post_sheet.dart'. Try creating the file referenced by the URI, or try using a URI for a file that does exist. - uri_does_not_exist
  error - lib\core\widgets\full_screen_image_viewer.dart:195:20 - The method 'CommentsSheet' isn't defined for the type '_FullScreenImageViewerState'. Try correcting the name to the name of an existing method, or defining a method named 'CommentsSheet'. - undefined_method
  error - lib\core\widgets\full_screen_image_viewer.dart:205:29 - The method 'SharePostSheet' isn't defined for the type '_FullScreenImageViewerState'. Try correcting the name to the name of an existing method, or defining a method named 'SharePostSheet'. - undefined_method
  error - lib\core\widgets\full_screen_video_player.dart:16:8 - Target of URI doesn't exist: 'comments_sheet.dart'. Try creating the file referenced by the URI, or try using a URI for a file that does exist. - uri_does_not_exist
  error - lib\core\widgets\full_screen_video_player.dart:17:8 - Target of URI doesn't exist: 'share_post_sheet.dart'. Try creating the file referenced by the URI, or try using a URI for a file that does exist. - uri_does_not_exist
  error - lib\core\widgets\full_screen_video_player.dart:18:8 - Target of URI doesn't exist: '../services/video_preload_service.dart'. Try creating the file referenced by the URI, or try using a URI for a file that does exist. - uri_does_not_exist
  error - lib\core\widgets\full_screen_video_player.dart:69:18 - Undefined name 'VideoPreloadService'. Try correcting the name to one that is defined, or defining the name. - undefined_identifier
  error - lib\core\widgets\full_screen_video_player.dart:230:20 - The method 'CommentsSheet' isn't defined for the type '_FullScreenVideoPlayerState'. Try correcting the name to the name of an existing method, or defining a method named 'CommentsSheet'. - undefined_method
  error - lib\core\widgets\full_screen_video_player.dart:241:29 - The method 'SharePostSheet' isn't defined for the type '_FullScreenVideoPlayerState'. Try correcting the name to the name of an existing method, or defining a method named 'SharePostSheet'. - undefined_method
  error - lib\core\widgets\reusable_bottom_app_bar.dart:3:8 - Target of URI doesn't exist: '../helpers/fade_page_route.dart'. Try creating the file referenced by the URI, or try using a URI for a file that does exist. - uri_does_not_exist
  error - lib\core\widgets\reusable_bottom_app_bar.dart:4:8 - Target of URI doesn't exist: '../screens/pages/classify_screen.dart'. Try creating the file referenced by the URI, or try using a URI for a file that does exist. - uri_does_not_exist
  error - lib\core\widgets\reusable_bottom_app_bar.dart:5:8 - Target of URI doesn't exist: '../screens/pages/home_screen.dart'. Try creating the file referenced by the URI, or try using a URI for a file that does exist. - uri_does_not_exist
  error - lib\core\widgets\reusable_bottom_app_bar.dart:6:8 - Target of URI doesn't exist: '../screens/pages/profile_screen.dart'. Try creating the file referenced by the URI, or try using a URI for a file that does exist. - uri_does_not_exist
  error - lib\core\widgets\reusable_bottom_app_bar.dart:44:21 - The method 'FadePageRoute' isn't defined for the type 'ReusableBottomAppBar'. Try correcting the name to the name of an existing method, or defining a method named 'FadePageRoute'. - undefined_method
  error - lib\core\widgets\reusable_bottom_app_bar.dart:44:48 - The name 'HomeScreen' isn't a class. Try correcting the name to match an existing class. - creation_with_non_type
  error - lib\core\widgets\reusable_bottom_app_bar.dart:61:21 - The method 'FadePageRoute' isn't defined for the type 'ReusableBottomAppBar'. Try correcting the name to the name of an existing method, or defining a method named 'FadePageRoute'. - undefined_method
  error - lib\core\widgets\reusable_bottom_app_bar.dart:61:48 - The name 'ClassifyScreen' isn't a class. Try correcting the name to match an existing class. - creation_with_non_type
  error - lib\core\widgets\reusable_bottom_app_bar.dart:82:21 - The method 'FadePageRoute' isn't defined for the type 'ReusableBottomAppBar'. Try correcting the name to the name of an existing method, or defining a method named 'FadePageRoute'. - undefined_method
  error - lib\core\widgets\reusable_bottom_app_bar.dart:82:42 - The method 'ProfileScreen' isn't defined for the type 'ReusableBottomAppBar'. Try correcting the name to the name of an existing method, or defining a method named 'ProfileScreen'. - undefined_method
  error - lib\features\admin\presentation\admin_panel_screen.dart:13:8 - Target of URI doesn't exist: 'admin/admin_manage_users_screen.dart'. Try creating the file referenced by the URI, or try using a URI for a file that does exist. - uri_does_not_exist
  error - lib\features\admin\presentation\admin_panel_screen.dart:14:8 - Target of URI doesn't exist: 'admin/admin_manage_posts_screen.dart'. Try creating the file referenced by the URI, or try using a URI for a file that does exist. - uri_does_not_exist
  error - lib\features\admin\presentation\admin_panel_screen.dart:15:8 - Target of URI doesn't exist: 'admin/admin_manage_departments_screen.dart'. Try creating the file referenced by the URI, or try using a URI for a file that does exist. - uri_does_not_exist
  error - lib\features\admin\presentation\admin_panel_screen.dart:16:8 - Target of URI doesn't exist: 'admin/admin_manage_events_screen.dart'. Try creating the file referenced by the URI, or try using a URI for a file that does exist. - uri_does_not_exist
  error - lib\features\admin\presentation\admin_panel_screen.dart:17:8 - Target of URI doesn't exist: 'admin/admin_manage_lostfound_screen.dart'. Try creating the file referenced by the URI, or try using a URI for a file that does exist. - uri_does_not_exist
  error - lib\features\admin\presentation\admin_panel_screen.dart:18:8 - Target of URI doesn't exist: 'admin/admin_manage_card_images_screen.dart'. Try creating the file referenced by the URI, or try using a URI for a file that does exist. - uri_does_not_exist
  error - lib\features\admin\presentation\admin_panel_screen.dart:19:8 - Target of URI doesn't exist: 'admin/admin_manage_cafeteria_menu_screen.dart'. Try creating the file referenced by the URI, or try using a URI for a file that does exist. - uri_does_not_exist
  error - lib\features\admin\presentation\admin_panel_screen.dart:20:8 - Target of URI doesn't exist: 'admin/admin_manage_buses_screen.dart'. Try creating the file referenced by the URI, or try using a URI for a file that does exist. - uri_does_not_exist
  error - lib\features\admin\presentation\admin_panel_screen.dart:21:8 - Target of URI doesn't exist: 'admin/admin_view_cafeteria_orders_screen.dart'. Try creating the file referenced by the URI, or try using a URI for a file that does exist. - uri_does_not_exist
  error - lib\features\admin\presentation\admin_panel_screen.dart:22:8 - Target of URI doesn't exist: 'admin/admin_manage_features_screen.dart'. Try creating the file referenced by the URI, or try using a URI for a file that does exist. - uri_does_not_exist
  error - lib\features\admin\presentation\admin_panel_screen.dart:23:8 - Target of URI doesn't exist: 'admin/admin_manage_home_banners_screen.dart'. Try creating the file referenced by the URI, or try using a URI for a file that does exist. - uri_does_not_exist
  error - lib\features\admin\presentation\admin_panel_screen.dart:24:8 - Target of URI doesn't exist: 'admin/admin_manage_campus_videos_screen.dart'. Try creating the file referenced by the URI, or try using a URI for a file that does exist. - uri_does_not_exist
  error - lib\features\admin\presentation\admin_panel_screen.dart:124:27 - The name 'AdminManageUsersScreen' isn't a class. Try correcting the name to match an existing class. - creation_with_non_type
  error - lib\features\admin\presentation\admin_panel_screen.dart:150:27 - The name 'AdminManagePostsScreen' isn't a class. Try correcting the name to match an existing class. - creation_with_non_type
  error - lib\features\admin\presentation\admin_panel_screen.dart:169:27 - The name 'AdminManageHomeBannersScreen' isn't a class. Try correcting the name to match an existing class. - creation_with_non_type
  error - lib\features\admin\presentation\admin_panel_screen.dart:178:27 - The name 'AdminManageCampusVideosScreen' isn't a class. Try correcting the name to match an existing class. - creation_with_non_type
  error - lib\features\admin\presentation\admin_panel_screen.dart:186:27 - The name 'AdminManageFeaturesScreen' isn't a class. Try correcting the name to match an existing class. - creation_with_non_type
  error - lib\features\admin\presentation\admin_panel_screen.dart:194:27 - The name 'AdminManageDepartmentsScreen' isn't a class. Try correcting the name to match an existing class. - creation_with_non_type
  error - lib\features\admin\presentation\admin_panel_screen.dart:202:27 - The name 'AdminManageEventsScreen' isn't a class. Try correcting the name to match an existing class. - creation_with_non_type
  error - lib\features\admin\presentation\admin_panel_screen.dart:210:27 - The name 'AdminManageLostFoundScreen' isn't a class. Try correcting the name to match an existing class. - creation_with_non_type
  error - lib\features\admin\presentation\admin_panel_screen.dart:218:27 - The name 'AdminManageCardImagesScreen' isn't a class. Try correcting the name to match an existing class. - creation_with_non_type
  error - lib\features\admin\presentation\admin_panel_screen.dart:237:27 - The name 'AdminViewCafeteriaOrdersScreen' isn't a class. Try correcting the name to match an existing class. - creation_with_non_type
  error - lib\features\admin\presentation\admin_panel_screen.dart:245:27 - The name 'AdminManageCafeteriaMenuScreen' isn't a class. Try correcting the name to match an existing class. - creation_with_non_type
  error - lib\features\admin\presentation\admin_panel_screen.dart:264:27 - The name 'AdminManageBusesScreen' isn't a class. Try correcting the name to match an existing class. - creation_with_non_type
  error - lib\features\admin\presentation\pages\admin_manage_cafeteria_menu_screen.dart:13:8 - Target of URI doesn't exist: '../../services/cloudinary_service.dart'. Try creating the file referenced by the URI, or try using a URI for a file that does exist. - uri_does_not_exist
  error - lib\features\admin\presentation\pages\admin_manage_cafeteria_menu_screen.dart:64:43 - Undefined name 'CloudinaryService'. Try correcting the name to one that is defined, or defining the name. - undefined_identifier
  error - lib\features\admin\presentation\pages\admin_manage_card_images_screen.dart:9:8 - Target of URI doesn't exist: '../../services/image_upload_service.dart'. Try creating the file referenced by the URI, or try using a URI for a file that does exist. - uri_does_not_exist
  error - lib\features\admin\presentation\pages\admin_manage_card_images_screen.dart:46:9 - Undefined class 'ImageUploadService'. Try changing the name to the name of an existing class, or creating a class with the name 'ImageUploadService'. - undefined_class
  error - lib\features\admin\presentation\pages\admin_manage_card_images_screen.dart:46:50 - The method 'ImageUploadService' isn't defined for the type '_AdminManageCardImagesScreenState'. Try correcting the name to the name of an existing method, or defining a method named 'ImageUploadService'. - undefined_method
  error - lib\features\admin\presentation\pages\admin_manage_features_screen.dart:13:8 - Target of URI doesn't exist: '../../config/feature_config.dart'. Try creating the file referenced by the URI, or try using a URI for a file that does exist. - uri_does_not_exist
  error - lib\features\admin\presentation\pages\admin_manage_features_screen.dart:46:7 - Undefined name 'FeatureConfig'. Try correcting the name to one that is defined, or defining the name. - undefined_identifier
  error - lib\features\admin\presentation\pages\admin_manage_features_screen.dart:108:38 - Undefined name 'FeatureConfig'. Try correcting the name to one that is defined, or defining the name. - undefined_identifier
  error - lib\features\ai_chat\data\chat_ai_service.dart:3:8 - Target of URI doesn't exist: '../models/ai_chat_message.dart'. Try creating the file referenced by the URI, or try using a URI for a file that does exist. - uri_does_not_exist
  error - lib\features\ai_chat\data\chat_ai_service.dart:48:15 - The name 'AiChatMessage' isn't a type, so it can't be used as a type argument. Try correcting the name to an existing type, or defining a type named 'AiChatMessage'. - non_type_as_type_argument
  error - lib\features\ai_chat\data\chat_ai_service.dart:59:29 - Undefined name 'AiChatMessage'. Try correcting the name to one that is defined, or defining the name. - undefined_identifier
  error - lib\features\ai_chat\data\chat_ai_service.dart:68:5 - Undefined class 'AiChatMessage'. Try changing the name to the name of an existing class, or creating a class with the name 'AiChatMessage'. - undefined_class
  error - lib\features\ai_chat\data\chat_ai_service.dart:97:5 - Undefined class 'AiChatMessage'. Try changing the name to the name of an existing class, or creating a class with the name 'AiChatMessage'. - undefined_class
  error - lib\features\ai_chat\presentation\ai_chat_history_screen.dart:11:8 - Target of URI doesn't exist: '../services/chat_ai_service.dart'. Try creating the file referenced by the URI, or try using a URI for a file that does exist. - uri_does_not_exist
  error - lib\features\ai_chat\presentation\ai_chat_history_screen.dart:22:9 - Undefined class 'ChatAiService'. Try changing the name to the name of an existing class, or creating a class with the name 'ChatAiService'. - undefined_class
  error - lib\features\ai_chat\presentation\ai_chat_history_screen.dart:22:40 - The method 'ChatAiService' isn't defined for the type '_AiChatHistoryScreenState'. Try correcting the name to the name of an existing method, or defining a method named 'ChatAiService'. - undefined_method
  error - lib\features\ai_chat\presentation\ai_chat_history_screen.dart:229:32 - The name 'AiConversation' isn't a type, so it can't be used as a type argument. Try correcting the name to an existing type, or defining a type named 'AiConversation'. - non_type_as_type_argument
  error - lib\features\ai_chat\presentation\ai_chat_screen.dart:14:8 - Target of URI doesn't exist: '../models/ai_chat_message.dart'. Try creating the file referenced by the URI, or try using a URI for a file that does exist. - uri_does_not_exist
  error - lib\features\ai_chat\presentation\ai_chat_screen.dart:15:8 - Target of URI doesn't exist: '../services/chat_ai_service.dart'. Try creating the file referenced by the URI, or try using a URI for a file that does exist. - uri_does_not_exist
  error - lib\features\ai_chat\presentation\ai_chat_screen.dart:16:8 - Target of URI doesn't exist: '../widgets/chat/ai_chat_components.dart'. Try creating the file referenced by the URI, or try using a URI for a file that does exist. - uri_does_not_exist
  error - lib\features\ai_chat\presentation\ai_chat_screen.dart:29:9 - Undefined class 'ChatAiService'. Try changing the name to the name of an existing class, or creating a class with the name 'ChatAiService'. - undefined_class
  error - lib\features\ai_chat\presentation\ai_chat_screen.dart:29:40 - The method 'ChatAiService' isn't defined for the type '_AiConversationScreenState'. Try correcting the name to the name of an existing method, or defining a method named 'ChatAiService'. - undefined_method
  error - lib\features\ai_chat\presentation\ai_chat_screen.dart:36:3 - Undefined class 'MessageSource'. Try changing the name to the name of an existing class, or creating a class with the name 'MessageSource'. - undefined_class
  error - lib\features\ai_chat\presentation\ai_chat_screen.dart:36:36 - Undefined name 'MessageSource'. Try correcting the name to one that is defined, or defining the name. - undefined_identifier
  error - lib\features\ai_chat\presentation\ai_chat_screen.dart:133:25 - The method 'AiChatMessage' isn't defined for the type '_AiConversationScreenState'. Try correcting the name to the name of an existing method, or defining a method named 'AiChatMessage'. - undefined_method
  error - lib\features\ai_chat\presentation\ai_chat_screen.dart:162:7 - Undefined class 'MessageSource'. Try changing the name to the name of an existing class, or creating a class with the name 'MessageSource'. - undefined_class
  error - lib\features\ai_chat\presentation\ai_chat_screen.dart:162:38 - Undefined name 'MessageSource'. Try correcting the name to one that is defined, or defining the name. - undefined_identifier
  error - lib\features\ai_chat\presentation\ai_chat_screen.dart:173:26 - Undefined name 'MessageSource'. Try correcting the name to one that is defined, or defining the name. - undefined_identifier
  error - lib\features\ai_chat\presentation\ai_chat_screen.dart:179:28 - Undefined name 'MessageSource'. Try correcting the name to one that is defined, or defining the name. - undefined_identifier
  error - lib\features\ai_chat\presentation\ai_chat_screen.dart:182:28 - Undefined name 'MessageSource'. Try correcting the name to one that is defined, or defining the name. - undefined_identifier
  error - lib\features\ai_chat\presentation\ai_chat_screen.dart:211:5 - Undefined class 'MessageSource'. Try changing the name to the name of an existing class, or creating a class with the name 'MessageSource'. - undefined_class
  error - lib\features\ai_chat\presentation\ai_chat_screen.dart:213:32 - The method 'AiChatMessage' isn't defined for the type '_AiConversationScreenState'. Try correcting the name to the name of an existing method, or defining a method named 'AiChatMessage'. - undefined_method
  error - lib\features\ai_chat\presentation\ai_chat_screen.dart:481:44 - The name 'AiChatMessage' isn't a type, so it can't be used as a type argument. Try correcting the name to an existing type, or defining a type named 'AiChatMessage'. - non_type_as_type_argument
  error - lib\features\ai_chat\presentation\ai_chat_screen.dart:497:32 - The name 'AiChatMessage' isn't a type, so it can't be used as a type argument. Try correcting the name to an existing type, or defining a type named 'AiChatMessage'. - non_type_as_type_argument
  error - lib\features\ai_chat\presentation\ai_chat_screen.dart:501:40 - The property 'timestamp' can't be unconditionally accessed because the receiver can be 'null'. Try making the access conditional (using '?.') or adding a null check to the target ('!'). - unchecked_use_of_nullable_value
  error - lib\features\ai_chat\presentation\ai_chat_screen.dart:529:46 - The name 'AiTypingIndicator' isn't a class. Try correcting the name to match an existing class. - creation_with_non_type
  error - lib\features\ai_chat\presentation\ai_chat_screen.dart:531:38 - The method 'AiAnimatedMessage' isn't defined for the type '_AiConversationScreenState'. Try correcting the name to the name of an existing method, or defining a method named 'AiAnimatedMessage'. - undefined_method
  error - lib\features\ai_chat\presentation\ai_chat_screen.dart:532:40 - The method 'AiChatBubble' isn't defined for the type '_AiConversationScreenState'. Try correcting the name to the name of an existing method, or defining a method named 'AiChatBubble'. - undefined_method
  error - lib\features\ai_chat\presentation\ai_chat_screen.dart:539:13 - The method 'AiChatInputBar' isn't defined for the type '_AiConversationScreenState'. Try correcting the name to the name of an existing method, or defining a method named 'AiChatInputBar'. - undefined_method
  error - lib\features\ai_chat\presentation\widgets\ai_chat_components.dart:9:8 - Target of URI doesn't exist: '../../models/ai_chat_message.dart'. Try creating the file referenced by the URI, or try using a URI for a file that does exist. - uri_does_not_exist
  error - lib\features\ai_chat\presentation\widgets\ai_chat_components.dart:13:9 - Undefined class 'AiChatMessage'. Try changing the name to the name of an existing class, or creating a class with the name 'AiChatMessage'. - undefined_class
  error - lib\features\ai_chat\presentation\widgets\ai_chat_components.dart:43:31 - Undefined name 'MessageSource'. Try correcting the name to one that is defined, or defining the name. - undefined_identifier
  error - lib\features\ai_chat\presentation\widgets\ai_chat_components.dart:244:9 - Undefined class 'MessageSource'. Try changing the name to the name of an existing class, or creating a class with the name 'MessageSource'. - undefined_class
  error - lib\features\ai_chat\presentation\widgets\ai_chat_components.dart:254:12 - Undefined name 'MessageSource'. Try correcting the name to one that is defined, or defining the name. - undefined_identifier
  error - lib\features\ai_chat\presentation\widgets\ai_chat_components.dart:259:12 - Undefined name 'MessageSource'. Try correcting the name to one that is defined, or defining the name. - undefined_identifier
  error - lib\features\auth\presentation\pages\login_page.dart:9:8 - Target of URI doesn't exist: '../../auth/auth_service.dart'. Try creating the file referenced by the URI, or try using a URI for a file that does exist. - uri_does_not_exist
  error - lib\features\auth\presentation\pages\login_page.dart:28:9 - Undefined class 'AuthService'. Try changing the name to the name of an existing class, or creating a class with the name 'AuthService'. - undefined_class
  error - lib\features\auth\presentation\pages\login_page.dart:28:36 - The method 'AuthService' isn't defined for the type '_LoginPageState'. Try correcting the name to the name of an existing method, or defining a method named 'AuthService'. - undefined_method
  error - lib\features\auth\presentation\pages\signup_page.dart:16:8 - Target of URI doesn't exist: '../../auth/auth_service.dart'. Try creating the file referenced by the URI, or try using a URI for a file that does exist. - uri_does_not_exist
  error - lib\features\auth\presentation\pages\signup_page.dart:34:9 - Undefined class 'AuthService'. Try changing the name to the name of an existing class, or creating a class with the name 'AuthService'. - undefined_class
  error - lib\features\auth\presentation\pages\signup_page.dart:34:36 - The method 'AuthService' isn't defined for the type '_SignupPageState'. Try correcting the name to the name of an existing method, or defining a method named 'AuthService'. - undefined_method
  error - lib\features\cafeteria\presentation\cafeteria_dashboard_screen.dart:9:8 - Target of URI doesn't exist: 'admin/admin_manage_cafeteria_menu_screen.dart'. Try creating the file referenced by the URI, or try using a URI for a file that does exist. - uri_does_not_exist
  error - lib\features\cafeteria\presentation\cafeteria_dashboard_screen.dart:66:27 - The name 'AdminManageCafeteriaMenuScreen' isn't a class. Try correcting the name to match an existing class. - creation_with_non_type
  error - lib\features\campus\presentation\classify_screen.dart:11:8 - Target of URI doesn't exist: '../../config/feature_config.dart'. Try creating the file referenced by the URI, or try using a URI for a file that does exist. - uri_does_not_exist
  error - lib\features\campus\presentation\classify_screen.dart:162:40 - Undefined name 'FeatureConfig'. Try correcting the name to one that is defined, or defining the name. - undefined_identifier
  error - lib\features\campus\presentation\department_notes_screen.dart:9:8 - Target of URI doesn't exist: 'web_view_screen.dart'. Try creating the file referenced by the URI, or try using a URI for a file that does exist. - uri_does_not_exist
  error - lib\features\campus\presentation\department_notes_screen.dart:150:42 - The method 'WebViewScreen' isn't defined for the type 'DepartmentNotesScreen'. Try correcting the name to the name of an existing method, or defining a method named 'WebViewScreen'. - undefined_method
  error - lib\features\campus\presentation\department_sub_screens.dart:9:8 - Target of URI doesn't exist: '../services/rit_scraper_service.dart'. Try creating the file referenced by the URI, or try using a URI for a file that does exist. - uri_does_not_exist
  error - lib\features\campus\presentation\department_sub_screens.dart:10:8 - Target of URI doesn't exist: 'full_screen_image_viewer.dart'. Try creating the file referenced by the URI, or try using a URI for a file that does exist. - uri_does_not_exist
  error - lib\features\campus\presentation\department_sub_screens.dart:25:11 - Undefined class 'RitScraperService'. Try changing the name to the name of an existing class, or creating a class with the name 'RitScraperService'. - undefined_class
  error - lib\features\campus\presentation\department_sub_screens.dart:25:39 - The method 'RitScraperService' isn't defined for the type 'HodInfoScreen'. Try correcting the name to the name of an existing method, or defining a method named 'RitScraperService'. - undefined_method
  error - lib\features\campus\presentation\department_sub_screens.dart:42:27 - The name 'HODModel' isn't a type, so it can't be used as a type argument. Try correcting the name to an existing type, or defining a type named 'HODModel'. - non_type_as_type_argument
  error - lib\features\campus\presentation\department_sub_screens.dart:71:38 - The method 'FullScreenImageViewer' isn't defined for the type 'HodInfoScreen'. Try correcting the name to the name of an existing method, or defining a method named 'FullScreenImageViewer'. - undefined_method
  error - lib\features\campus\presentation\department_sub_screens.dart:226:11 - Undefined class 'RitScraperService'. Try changing the name to the name of an existing class, or creating a class with the name 'RitScraperService'. - undefined_class
  error - lib\features\campus\presentation\department_sub_screens.dart:226:39 - The method 'RitScraperService' isn't defined for the type 'FacultyListScreen'. Try correcting the name to the name of an existing method, or defining a method named 'RitScraperService'. - undefined_method
  error - lib\features\campus\presentation\department_sub_screens.dart:244:32 - The name 'FacultyModel' isn't a type, so it can't be used as a type argument. Try correcting the name to an existing type, or defining a type named 'FacultyModel'. - non_type_as_type_argument
  error - lib\features\campus\presentation\department_sub_screens.dart:270:51 - The property 'type' can't be unconditionally accessed because the receiver can be 'null'. Try making the access conditional (using '?.') or adding a null check to the target ('!'). - unchecked_use_of_nullable_value
  error - lib\features\campus\presentation\department_sub_screens.dart:272:39 - The property 'type' can't be unconditionally accessed because the receiver can be 'null'. Try making the access conditional (using '?.') or adding a null check to the target ('!'). - unchecked_use_of_nullable_value
  error - lib\features\campus\presentation\department_sub_screens.dart:360:14 - The name 'FacultyModel' isn't a type, so it can't be used as a type argument. Try correcting the name to an existing type, or defining a type named 'FacultyModel'. - non_type_as_type_argument
  error - lib\features\campus\presentation\department_sub_screens.dart:485:11 - Undefined class 'RitScraperService'. Try changing the name to the name of an existing class, or creating a class with the name 'RitScraperService'. - undefined_class
  error - lib\features\campus\presentation\department_sub_screens.dart:485:39 - The method 'RitScraperService' isn't defined for the type 'StaffProfileScreen'. Try correcting the name to the name of an existing method, or defining a method named 'RitScraperService'. - undefined_method
  error - lib\features\campus\presentation\department_sub_screens.dart:502:27 - The name 'StaffProfileModel' isn't a type, so it can't be used as a type argument. Try correcting the name to an existing type, or defining a type named 'StaffProfileModel'. - non_type_as_type_argument
  error - lib\features\campus\presentation\department_sub_screens.dart:538:50 - The method 'FullScreenImageViewer' isn't defined for the type 'StaffProfileScreen'. Try correcting the name to the name of an existing method, or defining a method named 'FullScreenImageViewer'. - undefined_method
  error - lib\features\campus\presentation\department_sub_screens.dart:874:11 - Undefined class 'RitScraperService'. Try changing the name to the name of an existing class, or creating a class with the name 'RitScraperService'. - undefined_class
  error - lib\features\campus\presentation\department_sub_screens.dart:874:39 - The method 'RitScraperService' isn't defined for the type 'PlacementInfoScreen'. Try correcting the name to the name of an existing method, or defining a method named 'RitScraperService'. - undefined_method
  error - lib\features\campus\presentation\highlight_video_player_screen.dart:10:8 - Target of URI doesn't exist: '../services/video_preload_service.dart'. Try creating the file referenced by the URI, or try using a URI for a file that does exist. - uri_does_not_exist
  error - lib\features\campus\presentation\highlight_video_player_screen.dart:45:18 - Undefined name 'VideoPreloadService'. Try correcting the name to one that is defined, or defining the name. - undefined_identifier
  error - lib\features\chat\presentation\chat_room_screen.dart:5:8 - Target of URI doesn't exist: '../services/chat_service.dart'. Try creating the file referenced by the URI, or try using a URI for a file that does exist. - uri_does_not_exist
  error - lib\features\chat\presentation\chat_room_screen.dart:28:9 - Undefined class 'ChatService'. Try changing the name to the name of an existing class, or creating a class with the name 'ChatService'. - undefined_class
  error - lib\features\chat\presentation\chat_room_screen.dart:28:36 - The method 'ChatService' isn't defined for the type '_ChatRoomScreenState'. Try correcting the name to the name of an existing method, or defining a method named 'ChatService'. - undefined_method
  error - lib\features\chat\presentation\chat_room_screen.dart:136:23 - The method 'ChatMessage' isn't defined for the type '_ChatRoomScreenState'. Try correcting the name to the name of an existing method, or defining a method named 'ChatMessage'. - undefined_method
  error - lib\features\chat\presentation\chat_room_screen.dart:191:39 - The name 'ChatMessage' isn't a type, so it can't be used as a type argument. Try correcting the name to an existing type, or defining a type named 'ChatMessage'. - non_type_as_type_argument
  error - lib\features\chat\presentation\chat_room_screen.dart:240:30 - Undefined class 'ChatMessage'. Try changing the name to the name of an existing class, or creating a class with the name 'ChatMessage'. - undefined_class
  error - lib\features\chat\presentation\chat_screen.dart:15:8 - Target of URI doesn't exist: '../widgets/chat/chat_input_bar.dart'. Try creating the file referenced by the URI, or try using a URI for a file that does exist. - uri_does_not_exist
  error - lib\features\chat\presentation\chat_screen.dart:16:8 - Target of URI doesn't exist: '../widgets/chat/chat_bubble.dart'. Try creating the file referenced by the URI, or try using a URI for a file that does exist. - uri_does_not_exist
  error - lib\features\chat\presentation\chat_screen.dart:19:8 - Target of URI doesn't exist: 'pages/profile_screen.dart'. Try creating the file referenced by the URI, or try using a URI for a file that does exist. - uri_does_not_exist
  error - lib\features\chat\presentation\chat_screen.dart:197:36 - The method 'ProfileScreen' isn't defined for the type '_ChatScreenState'. Try correcting the name to the name of an existing method, or defining a method named 'ProfileScreen'. - undefined_method
  error - lib\features\chat\presentation\chat_screen.dart:397:27 - The method 'ChatBubble' isn't defined for the type '_ChatScreenState'. Try correcting the name to the name of an existing method, or defining a method named 'ChatBubble'. - undefined_method
  error - lib\features\chat\presentation\chat_screen.dart:418:13 - The method 'ChatInputBar' isn't defined for the type '_ChatScreenState'. Try correcting the name to the name of an existing method, or defining a method named 'ChatInputBar'. - undefined_method
  error - lib\features\chat\presentation\peer_rooms_screen.dart:6:8 - Target of URI doesn't exist: '../services/chat_service.dart'. Try creating the file referenced by the URI, or try using a URI for a file that does exist. - uri_does_not_exist
  error - lib\features\chat\presentation\peer_rooms_screen.dart:17:9 - Undefined class 'ChatService'. Try changing the name to the name of an existing class, or creating a class with the name 'ChatService'. - undefined_class
  error - lib\features\chat\presentation\peer_rooms_screen.dart:17:36 - The method 'ChatService' isn't defined for the type '_PeerRoomsScreenState'. Try correcting the name to the name of an existing method, or defining a method named 'ChatService'. - undefined_method
  error - lib\features\chat\presentation\peer_rooms_screen.dart:156:36 - Undefined class 'Room'. Try changing the name to the name of an existing class, or creating a class with the name 'Room'. - undefined_class
  error - lib\features\chat\presentation\peer_rooms_screen.dart:333:32 - The name 'Room' isn't a type, so it can't be used as a type argument. Try correcting the name to an existing type, or defining a type named 'Room'. - non_type_as_type_argument
  error - lib\features\chat\presentation\widgets\chat_bubble.dart:12:8 - Target of URI doesn't exist: '../../screens/post_detail_screen.dart'. Try creating the file referenced by the URI, or try using a URI for a file that does exist. - uri_does_not_exist
  error - lib\features\chat\presentation\widgets\chat_bubble.dart:178:35 - The method 'PostDetailScreen' isn't defined for the type 'ChatBubble'. Try correcting the name to the name of an existing method, or defining a method named 'PostDetailScreen'. - undefined_method
  error - lib\features\chat\presentation\widgets\context_label.dart:7:8 - Target of URI doesn't exist: '../../models/ai_chat_message.dart'. Try creating the file referenced by the URI, or try using a URI for a file that does exist. - uri_does_not_exist
  error - lib\features\chat\presentation\widgets\context_label.dart:10:9 - Undefined class 'MessageSource'. Try changing the name to the name of an existing class, or creating a class with the name 'MessageSource'. - undefined_class
  error - lib\features\chat\presentation\widgets\context_label.dart:18:12 - Undefined name 'MessageSource'. Try correcting the name to one that is defined, or defining the name. - undefined_identifier
  error - lib\features\chat\presentation\widgets\context_label.dart:22:12 - Undefined name 'MessageSource'. Try correcting the name to one that is defined, or defining the name. - undefined_identifier
  error - lib\features\dashboard\presentation\splash_screen.dart:10:8 - Target of URI doesn't exist: 'package:my_project/auth/auth_gate.dart'. Try creating the file referenced by the URI, or try using a URI for a file that does exist. - uri_does_not_exist
  error - lib\features\dashboard\presentation\splash_screen.dart:48:31 - The name 'AuthGate' isn't a class. Try correcting the name to match an existing class. - creation_with_non_type
  error - lib\features\explore\presentation\explore_screen.dart:12:8 - Target of URI doesn't exist: '../search_screen.dart'. Try creating the file referenced by the URI, or try using a URI for a file that does exist. - uri_does_not_exist
  error - lib\features\explore\presentation\explore_screen.dart:13:8 - Target of URI doesn't exist: '../requests_screen.dart'. Try creating the file referenced by the URI, or try using a URI for a file that does exist. - uri_does_not_exist
  error - lib\features\explore\presentation\explore_screen.dart:14:8 - Target of URI doesn't exist: '../post_detail_screen.dart'. Try creating the file referenced by the URI, or try using a URI for a file that does exist. - uri_does_not_exist
  error - lib\features\explore\presentation\explore_screen.dart:15:8 - Target of URI doesn't exist: '../find_friends_screen.dart'. Try creating the file referenced by the URI, or try using a URI for a file that does exist. - uri_does_not_exist
  error - lib\features\explore\presentation\explore_screen.dart:63:55 - The name 'SearchScreen' isn't a class. Try correcting the name to match an existing class. - creation_with_non_type
  error - lib\features\explore\presentation\explore_screen.dart:116:55 - The name 'FindFriendsScreen' isn't a class. Try correcting the name to match an existing class. - creation_with_non_type
  error - lib\features\explore\presentation\explore_screen.dart:137:55 - The name 'RequestsScreen' isn't a class. Try correcting the name to match an existing class. - creation_with_non_type
  error - lib\features\explore\presentation\explore_screen.dart:317:41 - The method 'PostDetailScreen' isn't defined for the type 'ExploreScreen'. Try correcting the name to the name of an existing method, or defining a method named 'PostDetailScreen'. - undefined_method
  error - lib\features\explore\presentation\search_screen.dart:9:8 - Target of URI doesn't exist: 'pages/profile_screen.dart'. Try creating the file referenced by the URI, or try using a URI for a file that does exist. - uri_does_not_exist
  error - lib\features\explore\presentation\search_screen.dart:11:8 - Target of URI doesn't exist: '../widgets/user_tile_placeholder.dart'. Try creating the file referenced by the URI, or try using a URI for a file that does exist. - uri_does_not_exist
  error - lib\features\explore\presentation\search_screen.dart:12:8 - Target of URI doesn't exist: '../widgets/empty_state_message.dart'. Try creating the file referenced by the URI, or try using a URI for a file that does exist. - uri_does_not_exist
  error - lib\features\explore\presentation\search_screen.dart:116:48 - The name 'UserTilePlaceholder' isn't a class. Try correcting the name to match an existing class. - creation_with_non_type
  error - lib\features\explore\presentation\search_screen.dart:120:20 - The name 'EmptyStateMessage' isn't a class. Try correcting the name to match an existing class. - creation_with_non_type
  error - lib\features\explore\presentation\search_screen.dart:127:20 - The name 'EmptyStateMessage' isn't a class. Try correcting the name to match an existing class. - creation_with_non_type
  error - lib\features\explore\presentation\search_screen.dart:169:39 - The method 'ProfileScreen' isn't defined for the type '_SearchScreenState'. Try correcting the name to the name of an existing method, or defining a method named 'ProfileScreen'. - undefined_method
  error - lib\features\home\presentation\home_screen.dart:10:8 - Target of URI doesn't exist: '../stories/stories_connector.dart'. Try creating the file referenced by the URI, or try using a URI for a file that does exist. - uri_does_not_exist
  error - lib\features\home\presentation\home_screen.dart:11:8 - Target of URI doesn't exist: '../../widgets/home/home_header.dart'. Try creating the file referenced by the URI, or try using a URI for a file that does exist. - uri_does_not_exist
  error - lib\features\home\presentation\home_screen.dart:12:8 - Target of URI doesn't exist: '../../widgets/home/home_banner_carousel.dart'. Try creating the file referenced by the URI, or try using a URI for a file that does exist. - uri_does_not_exist
  error - lib\features\home\presentation\home_screen.dart:13:8 - Target of URI doesn't exist: '../../widgets/home/home_post_feed.dart'. Try creating the file referenced by the URI, or try using a URI for a file that does exist. - uri_does_not_exist
  error - lib\features\home\presentation\home_screen.dart:14:8 - Target of URI doesn't exist: '../../widgets/home/home_campus_highlights.dart'. Try creating the file referenced by the URI, or try using a URI for a file that does exist. - uri_does_not_exist
  error - lib\features\home\presentation\home_screen.dart:15:8 - Target of URI doesn't exist: '../../widgets/home/home_quick_links.dart'. Try creating the file referenced by the URI, or try using a URI for a file that does exist. - uri_does_not_exist
  error - lib\features\home\presentation\home_screen.dart:66:31 - The name 'StoryCreatorScreen' isn't a class. Try correcting the name to match an existing class. - creation_with_non_type
  error - lib\features\home\presentation\home_screen.dart:115:30 - The method 'HomeHeader' isn't defined for the type '_HomeScreenState'. Try correcting the name to the name of an existing method, or defining a method named 'HomeHeader'. - undefined_method
  error - lib\features\home\presentation\home_screen.dart:124:30 - The method 'HomeBannerCarousel' isn't defined for the type '_HomeScreenState'. Try correcting the name to the name of an existing method, or defining a method named 'HomeBannerCarousel'. - undefined_method
  error - lib\features\home\presentation\home_screen.dart:128:53 - Invalid constant value. - invalid_constant
  error - lib\features\home\presentation\home_screen.dart:128:53 - The method 'StoriesBar' isn't defined for the type '_HomeScreenState'. Try correcting the name to the name of an existing method, or defining a method named 'StoriesBar'. - undefined_method
  error - lib\features\home\presentation\home_screen.dart:132:30 - The method 'HomeCampusHighlights' isn't defined for the type '_HomeScreenState'. Try correcting the name to the name of an existing method, or defining a method named 'HomeCampusHighlights'. - undefined_method
  error - lib\features\home\presentation\home_screen.dart:137:30 - The method 'HomeQuickLinksBar' isn't defined for the type '_HomeScreenState'. Try correcting the name to the name of an existing method, or defining a method named 'HomeQuickLinksBar'. - undefined_method
  error - lib\features\home\presentation\home_screen.dart:143:21 - The method 'HomePostFeed' isn't defined for the type '_HomeScreenState'. Try correcting the name to the name of an existing method, or defining a method named 'HomePostFeed'. - undefined_method
  error - lib\features\home\presentation\widgets\home_campus_highlights.dart:11:8 - Target of URI doesn't exist: '../../screens/highlight_video_player_screen.dart'. Try creating the file referenced by the URI, or try using a URI for a file that does exist. - uri_does_not_exist
  error - lib\features\home\presentation\widgets\home_campus_highlights.dart:12:8 - Target of URI doesn't exist: '../../services/video_preload_service.dart'. Try creating the file referenced by the URI, or try using a URI for a file that does exist. - uri_does_not_exist
  error - lib\features\home\presentation\widgets\home_campus_highlights.dart:30:7 - Undefined name 'VideoPreloadService'. Try correcting the name to one that is defined, or defining the name. - undefined_identifier
  error - lib\features\home\presentation\widgets\home_campus_highlights.dart:154:38 - The method 'HighlightVideoPlayerScreen' isn't defined for the type '_HomeCampusHighlightsState'. Try correcting the name to the name of an existing method, or defining a method named 'HighlightVideoPlayerScreen'. - undefined_method
  error - lib\features\home\presentation\widgets\home_campus_highlights.dart:175:27 - Undefined name 'VideoPreloadService'. Try correcting the name to one that is defined, or defining the name. - undefined_identifier
  error - lib\features\home\presentation\widgets\home_create_post_bar.dart:5:8 - Target of URI doesn't exist: '../../screens/create_post_screen.dart'. Try creating the file referenced by the URI, or try using a URI for a file that does exist. - uri_does_not_exist
  error - lib\features\home\presentation\widgets\home_create_post_bar.dart:56:46 - The name 'CreatePostScreen' isn't a class. Try correcting the name to match an existing class. - creation_with_non_type
  error - lib\features\home\presentation\widgets\home_header.dart:9:8 - Target of URI doesn't exist: '../../screens/notifications_screen.dart'. Try creating the file referenced by the URI, or try using a URI for a file that does exist. - uri_does_not_exist
  error - lib\features\home\presentation\widgets\home_header.dart:10:8 - Target of URI doesn't exist: '../../screens/chat_list_screen.dart'. Try creating the file referenced by the URI, or try using a URI for a file that does exist. - uri_does_not_exist
  error - lib\features\home\presentation\widgets\home_header.dart:11:8 - Target of URI doesn't exist: '../notification_badge.dart'. Try creating the file referenced by the URI, or try using a URI for a file that does exist. - uri_does_not_exist
  error - lib\features\home\presentation\widgets\home_header.dart:98:15 - The method 'NotificationBadge' isn't defined for the type 'HomeHeader'. Try correcting the name to the name of an existing method, or defining a method named 'NotificationBadge'. - undefined_method
  error - lib\features\home\presentation\widgets\home_header.dart:105:50 - The name 'NotificationsScreen' isn't a class. Try correcting the name to match an existing class. - creation_with_non_type
  error - lib\features\home\presentation\widgets\home_header.dart:116:48 - The name 'ChatListScreen' isn't a class. Try correcting the name to match an existing class. - creation_with_non_type
  error - lib\features\home\presentation\widgets\home_post_feed.dart:11:8 - Target of URI doesn't exist: '../../screens/post_card.dart'. Try creating the file referenced by the URI, or try using a URI for a file that does exist. - uri_does_not_exist
  error - lib\features\home\presentation\widgets\home_post_feed.dart:12:8 - Target of URI doesn't exist: '../../screens/comments_sheet.dart'. Try creating the file referenced by the URI, or try using a URI for a file that does exist. - uri_does_not_exist
  error - lib\features\home\presentation\widgets\home_post_feed.dart:13:8 - Target of URI doesn't exist: '../../screens/edit_post_screen.dart'. Try creating the file referenced by the URI, or try using a URI for a file that does exist. - uri_does_not_exist
  error - lib\features\home\presentation\widgets\home_post_feed.dart:14:8 - Target of URI doesn't exist: '../../screens/pages/profile_screen.dart'. Try creating the file referenced by the URI, or try using a URI for a file that does exist. - uri_does_not_exist
  error - lib\features\home\presentation\widgets\home_post_feed.dart:15:8 - Target of URI doesn't exist: '../../services/video_preload_service.dart'. Try creating the file referenced by the URI, or try using a URI for a file that does exist. - uri_does_not_exist
  error - lib\features\home\presentation\widgets\home_post_feed.dart:42:26 - The method 'EditPostScreen' isn't defined for the type '_HomePostFeedState'. Try correcting the name to the name of an existing method, or defining a method named 'EditPostScreen'. - undefined_method
  error - lib\features\home\presentation\widgets\home_post_feed.dart:175:20 - The method 'CommentsSheet' isn't defined for the type '_HomePostFeedState'. Try correcting the name to the name of an existing method, or defining a method named 'CommentsSheet'. - undefined_method
  error - lib\features\home\presentation\widgets\home_post_feed.dart:183:47 - The method 'ProfileScreen' isn't defined for the type '_HomePostFeedState'. Try correcting the name to the name of an existing method, or defining a method named 'ProfileScreen'. - undefined_method
  error - lib\features\home\presentation\widgets\home_post_feed.dart:357:17 - Undefined name 'VideoPreloadService'. Try correcting the name to one that is defined, or defining the name. - undefined_identifier
  error - lib\features\home\presentation\widgets\home_post_feed.dart:386:26 - The method 'PostCard' isn't defined for the type '_HomePostFeedState'. Try correcting the name to the name of an existing method, or defining a method named 'PostCard'. - undefined_method
  error - lib\features\home\presentation\widgets\home_quick_links.dart:8:8 - Target of URI doesn't exist: '../../../config/feature_config.dart'. Try creating the file referenced by the URI, or try using a URI for a file that does exist. - uri_does_not_exist
  error - lib\features\home\presentation\widgets\home_quick_links.dart:98:26 - Undefined name 'FeatureConfig'. Try correcting the name to one that is defined, or defining the name. - undefined_identifier
  error - lib\features\home\presentation\widgets\home_upcoming_event_banner.dart:5:8 - Target of URI doesn't exist: '../../screens/event_list_screen.dart'. Try creating the file referenced by the URI, or try using a URI for a file that does exist. - uri_does_not_exist
  error - lib\features\home\presentation\widgets\home_upcoming_event_banner.dart:45:57 - The name 'EventListScreen' isn't a class. Try correcting the name to match an existing class. - creation_with_non_type
  error - lib\features\lost_and_found\presentation\lost_and_found_screen.dart:11:8 - Target of URI doesn't exist: '../widgets/lost_found_item_card.dart'. Try creating the file referenced by the URI, or try using a URI for a file that does exist. - uri_does_not_exist
  error - lib\features\lost_and_found\presentation\lost_and_found_screen.dart:237:22 - The method 'LostFoundItemCard' isn't defined for the type '_LostAndFoundScreenState'. Try correcting the name to the name of an existing method, or defining a method named 'LostFoundItemCard'. - undefined_method
  error - lib\features\lost_and_found\presentation\lost_found_detail_screen.dart:13:8 - Target of URI doesn't exist: 'chat_screen.dart'. Try creating the file referenced by the URI, or try using a URI for a file that does exist. - uri_does_not_exist
  error - lib\features\lost_and_found\presentation\lost_found_detail_screen.dart:14:8 - Target of URI doesn't exist: 'chat_list_screen.dart'. Try creating the file referenced by the URI, or try using a URI for a file that does exist. - uri_does_not_exist
  error - lib\features\lost_and_found\presentation\lost_found_detail_screen.dart:15:8 - Target of URI doesn't exist: 'full_screen_image_viewer.dart'. Try creating the file referenced by the URI, or try using a URI for a file that does exist. - uri_does_not_exist
  error - lib\features\lost_and_found\presentation\lost_found_detail_screen.dart:53:28 - The method 'ChatScreen' isn't defined for the type 'LostFoundDetailScreen'. Try correcting the name to the name of an existing method, or defining a method named 'ChatScreen'. - undefined_method
  error - lib\features\lost_and_found\presentation\lost_found_detail_screen.dart:155:48 - The method 'FullScreenImageViewer' isn't defined for the type 'LostFoundDetailScreen'. Try correcting the name to the name of an existing method, or defining a method named 'FullScreenImageViewer'. - undefined_method
  error - lib\features\lost_and_found\presentation\lost_found_detail_screen.dart:334:61 - The name 'ChatListScreen' isn't a class. Try correcting the name to match an existing class. - creation_with_non_type
  error - lib\features\lost_and_found\presentation\resolved_items_screen.dart:9:8 - Target of URI doesn't exist: '../widgets/lost_found_item_card.dart'. Try creating the file referenced by the URI, or try using a URI for a file that does exist. - uri_does_not_exist
  error - lib\features\lost_and_found\presentation\resolved_items_screen.dart:88:26 - The method 'LostFoundItemCard' isn't defined for the type 'ResolvedItemsScreen'. Try correcting the name to the name of an existing method, or defining a method named 'LostFoundItemCard'. - undefined_method
  error - lib\features\marketplace\presentation\create_listing_screen.dart:8:8 - Target of URI doesn't exist: '../services/marketplace_service.dart'. Try creating the file referenced by the URI, or try using a URI for a file that does exist. - uri_does_not_exist
  error - lib\features\marketplace\presentation\create_listing_screen.dart:21:9 - Undefined class 'MarketplaceService'. Try changing the name to the name of an existing class, or creating a class with the name 'MarketplaceService'. - undefined_class
  error - lib\features\marketplace\presentation\create_listing_screen.dart:21:50 - The method 'MarketplaceService' isn't defined for the type '_CreateListingScreenState'. Try correcting the name to the name of an existing method, or defining a method named 'MarketplaceService'. - undefined_method
  error - lib\features\marketplace\presentation\item_chats_list_screen.dart:8:8 - Target of URI doesn't exist: 'private_chat_screen.dart'. Try creating the file referenced by the URI, or try using a URI for a file that does exist. - uri_does_not_exist
  error - lib\features\marketplace\presentation\item_chats_list_screen.dart:135:42 - The method 'PrivateChatScreen' isn't defined for the type 'ItemChatsListScreen'. Try correcting the name to the name of an existing method, or defining a method named 'PrivateChatScreen'. - undefined_method
  error - lib\features\marketplace\presentation\marketplace_chat_list_screen.dart:7:8 - Target of URI doesn't exist: '../services/marketplace_chat_service.dart'. Try creating the file referenced by the URI, or try using a URI for a file that does exist. - uri_does_not_exist
  error - lib\features\marketplace\presentation\marketplace_chat_list_screen.dart:19:9 - Undefined class 'MarketplaceChatService'. Try changing the name to the name of an existing class, or creating a class with the name 'MarketplaceChatService'. - undefined_class
  error - lib\features\marketplace\presentation\marketplace_chat_list_screen.dart:19:47 - The method 'MarketplaceChatService' isn't defined for the type '_MarketplaceChatListScreenState'. Try correcting the name to the name of an existing method, or defining a method named 'MarketplaceChatService'. - undefined_method
  error - lib\features\marketplace\presentation\marketplace_chat_screen.dart:13:8 - Target of URI doesn't exist: '../services/marketplace_chat_service.dart'. Try creating the file referenced by the URI, or try using a URI for a file that does exist. - uri_does_not_exist
  error - lib\features\marketplace\presentation\marketplace_chat_screen.dart:14:8 - Target of URI doesn't exist: '../services/marketplace_service.dart'. Try creating the file referenced by the URI, or try using a URI for a file that does exist. - uri_does_not_exist
  error - lib\features\marketplace\presentation\marketplace_chat_screen.dart:20:9 - Undefined class 'Product'. Try changing the name to the name of an existing class, or creating a class with the name 'Product'. - undefined_class
  error - lib\features\marketplace\presentation\marketplace_chat_screen.dart:37:24 - The method 'MarketplaceChatService' isn't defined for the type '_MarketplaceChatScreenState'. Try correcting the name to the name of an existing method, or defining a method named 'MarketplaceChatService'. - undefined_method
  error - lib\features\marketplace\presentation\marketplace_chat_screen.dart:149:48 - The name 'MarketplaceMessage' isn't a type, so it can't be used as a type argument. Try correcting the name to an existing type, or defining a type named 'MarketplaceMessage'. - non_type_as_type_argument
  error - lib\features\marketplace\presentation\marketplace_chat_screen.dart:237:9 - Undefined class 'MarketplaceMessage'. Try changing the name to the name of an existing class, or creating a class with the name 'MarketplaceMessage'. - undefined_class
  error - lib\features\marketplace\presentation\marketplace_my_ads_screen.dart:10:8 - Target of URI doesn't exist: '../services/marketplace_service.dart'. Try creating the file referenced by the URI, or try using a URI for a file that does exist. - uri_does_not_exist
  error - lib\features\marketplace\presentation\marketplace_my_ads_screen.dart:20:11 - Undefined class 'MarketplaceService'. Try changing the name to the name of an existing class, or creating a class with the name 'MarketplaceService'. - undefined_class
  error - lib\features\marketplace\presentation\marketplace_my_ads_screen.dart:20:51 - The method 'MarketplaceService' isn't defined for the type 'MarketplaceMyAdsScreen'. Try correcting the name to the name of an existing method, or defining a method named 'MarketplaceService'. - undefined_method
  error - lib\features\marketplace\presentation\marketplace_my_ads_screen.dart:41:32 - The name 'Product' isn't a type, so it can't be used as a type argument. Try correcting the name to an existing type, or defining a type named 'Product'. - non_type_as_type_argument
  error - lib\features\marketplace\presentation\marketplace_profile_screen.dart:7:8 - Target of URI doesn't exist: 'edit_profile_screen.dart'. Try creating the file referenced by the URI, or try using a URI for a file that does exist. - uri_does_not_exist
  error - lib\features\marketplace\presentation\marketplace_profile_screen.dart:201:85 - The name 'EditProfileScreen' isn't a class. Try correcting the name to match an existing class. - creation_with_non_type
  error - lib\features\marketplace\presentation\marketplace_screen.dart:12:8 - Target of URI doesn't exist: '../services/marketplace_service.dart'. Try creating the file referenced by the URI, or try using a URI for a file that does exist. - uri_does_not_exist
  error - lib\features\marketplace\presentation\marketplace_screen.dart:13:8 - Target of URI doesn't exist: '../widgets/wishlist_button.dart'. Try creating the file referenced by the URI, or try using a URI for a file that does exist. - uri_does_not_exist
  error - lib\features\marketplace\presentation\marketplace_screen.dart:123:9 - Undefined class 'MarketplaceService'. Try changing the name to the name of an existing class, or creating a class with the name 'MarketplaceService'. - undefined_class
  error - lib\features\marketplace\presentation\marketplace_screen.dart:123:50 - The method 'MarketplaceService' isn't defined for the type '_MarketplaceHomeState'. Try correcting the name to the name of an existing method, or defining a method named 'MarketplaceService'. - undefined_method
  error - lib\features\marketplace\presentation\marketplace_screen.dart:478:31 - The name 'Product' isn't a type, so it can't be used as a type argument. Try correcting the name to an existing type, or defining a type named 'Product'. - non_type_as_type_argument
  error - lib\features\marketplace\presentation\marketplace_screen.dart:487:14 - The name 'Product' isn't a type, so it can't be used as a type argument. Try correcting the name to an existing type, or defining a type named 'Product'. - non_type_as_type_argument
  error - lib\features\marketplace\presentation\marketplace_screen.dart:490:39 - The property 'category' can't be unconditionally accessed because the receiver can be 'null'. Try making the access conditional (using '?.') or adding a null check to the target ('!'). - unchecked_use_of_nullable_value
  error - lib\features\marketplace\presentation\marketplace_screen.dart:495:35 - The property 'title' can't be unconditionally accessed because the receiver can be 'null'. Try making the access conditional (using '?.') or adding a null check to the target ('!'). - unchecked_use_of_nullable_value
  error - lib\features\marketplace\presentation\marketplace_screen.dart:548:9 - Undefined class 'Product'. Try changing the name to the name of an existing class, or creating a class with the name 'Product'. - undefined_class
  error - lib\features\marketplace\presentation\marketplace_screen.dart:630:26 - The method 'WishlistButton' isn't defined for the type 'ModernProductCard'. Try correcting the name to the name of an existing method, or defining a method named 'WishlistButton'. - undefined_method
  error - lib\features\marketplace\presentation\marketplace_sold_history_screen.dart:9:8 - Target of URI doesn't exist: '../services/marketplace_service.dart'. Try creating the file referenced by the URI, or try using a URI for a file that does exist. - uri_does_not_exist
  error - lib\features\marketplace\presentation\marketplace_sold_history_screen.dart:19:11 - Undefined class 'MarketplaceService'. Try changing the name to the name of an existing class, or creating a class with the name 'MarketplaceService'. - undefined_class
  error - lib\features\marketplace\presentation\marketplace_sold_history_screen.dart:19:51 - The method 'MarketplaceService' isn't defined for the type 'MarketplaceSoldHistoryScreen'. Try correcting the name to the name of an existing method, or defining a method named 'MarketplaceService'. - undefined_method
  error - lib\features\marketplace\presentation\marketplace_sold_history_screen.dart:40:32 - The name 'Product' isn't a type, so it can't be used as a type argument. Try correcting the name to an existing type, or defining a type named 'Product'. - non_type_as_type_argument
  error - lib\features\marketplace\presentation\product_detail_screen.dart:12:8 - Target of URI doesn't exist: '../services/marketplace_service.dart'. Try creating the file referenced by the URI, or try using a URI for a file that does exist. - uri_does_not_exist
  error - lib\features\marketplace\presentation\product_detail_screen.dart:13:8 - Target of URI doesn't exist: '../widgets/wishlist_button.dart'. Try creating the file referenced by the URI, or try using a URI for a file that does exist. - uri_does_not_exist
  error - lib\features\marketplace\presentation\product_detail_screen.dart:17:9 - Undefined class 'Product'. Try changing the name to the name of an existing class, or creating a class with the name 'Product'. - undefined_class
  error - lib\features\marketplace\presentation\product_detail_screen.dart:25:9 - Undefined class 'MarketplaceService'. Try changing the name to the name of an existing class, or creating a class with the name 'MarketplaceService'. - undefined_class
  error - lib\features\marketplace\presentation\product_detail_screen.dart:25:50 - The method 'MarketplaceService' isn't defined for the type '_ProductDetailScreenState'. Try correcting the name to the name of an existing method, or defining a method named 'MarketplaceService'. - undefined_method
  error - lib\features\marketplace\presentation\product_detail_screen.dart:448:38 - The method 'WishlistButton' isn't defined for the type '_ProductDetailScreenState'. Try correcting the name to the name of an existing method, or defining a method named 'WishlistButton'. - undefined_method
  error - lib\features\marketplace\presentation\widgets\wishlist_button.dart:7:8 - Target of URI doesn't exist: '../services/marketplace_service.dart'. Try creating the file referenced by the URI, or try using a URI for a file that does exist. - uri_does_not_exist
  error - lib\features\marketplace\presentation\widgets\wishlist_button.dart:27:11 - Undefined class 'MarketplaceService'. Try changing the name to the name of an existing class, or creating a class with the name 'MarketplaceService'. - undefined_class
  error - lib\features\marketplace\presentation\widgets\wishlist_button.dart:27:40 - The method 'MarketplaceService' isn't defined for the type 'WishlistButton'. Try correcting the name to the name of an existing method, or defining a method named 'MarketplaceService'. - undefined_method
  error - lib\features\notifications\presentation\notifications_screen.dart:13:8 - Target of URI doesn't exist: 'post_detail_screen.dart'. Try creating the file referenced by the URI, or try using a URI for a file that does exist. - uri_does_not_exist
  error - lib\features\notifications\presentation\notifications_screen.dart:14:8 - Target of URI doesn't exist: 'pages/profile_screen.dart'. Try creating the file referenced by the URI, or try using a URI for a file that does exist. - uri_does_not_exist
  error - lib\features\notifications\presentation\notifications_screen.dart:15:8 - Target of URI doesn't exist: 'sent_requests_screen.dart'. Try creating the file referenced by the URI, or try using a URI for a file that does exist. - uri_does_not_exist
  error - lib\features\notifications\presentation\notifications_screen.dart:18:8 - Target of URI doesn't exist: '../widgets/notifications/empty_activity_state.dart'. Try creating the file referenced by the URI, or try using a URI for a file that does exist. - uri_does_not_exist
  error - lib\features\notifications\presentation\notifications_screen.dart:19:8 - Target of URI doesn't exist: '../widgets/notifications/suggested_users_list.dart'. Try creating the file referenced by the URI, or try using a URI for a file that does exist. - uri_does_not_exist
  error - lib\features\notifications\presentation\notifications_screen.dart:20:8 - Target of URI doesn't exist: '../widgets/notifications/connection_requests_header.dart'. Try creating the file referenced by the URI, or try using a URI for a file that does exist. - uri_does_not_exist
  error - lib\features\notifications\presentation\notifications_screen.dart:21:8 - Target of URI doesn't exist: '../widgets/notifications/notification_tile.dart'. Try creating the file referenced by the URI, or try using a URI for a file that does exist. - uri_does_not_exist
  error - lib\features\notifications\presentation\notifications_screen.dart:106:37 - The method 'PostDetailScreen' isn't defined for the type '_NotificationsScreenState'. Try correcting the name to the name of an existing method, or defining a method named 'PostDetailScreen'. - undefined_method
  error - lib\features\notifications\presentation\notifications_screen.dart:123:37 - The method 'ProfileScreen' isn't defined for the type '_NotificationsScreenState'. Try correcting the name to the name of an existing method, or defining a method named 'ProfileScreen'. - undefined_method
  error - lib\features\notifications\presentation\notifications_screen.dart:172:22 - The method 'ConnectionRequestsHeader' isn't defined for the type '_NotificationsScreenState'. Try correcting the name to the name of an existing method, or defining a method named 'ConnectionRequestsHeader'. - undefined_method
  error - lib\features\notifications\presentation\notifications_screen.dart:212:57 - The name 'SentRequestsScreen' isn't a class. Try correcting the name to match an existing class. - creation_with_non_type
  error - lib\features\notifications\presentation\notifications_screen.dart:373:32 - The method 'EmptyActivityState' isn't defined for the type '_NotificationsScreenState'. Try correcting the name to the name of an existing method, or defining a method named 'EmptyActivityState'. - undefined_method
  error - lib\features\notifications\presentation\notifications_screen.dart:385:34 - The method 'NotificationTile' isn't defined for the type '_NotificationsScreenState'. Try correcting the name to the name of an existing method, or defining a method named 'NotificationTile'. - undefined_method
  error - lib\features\notifications\presentation\notifications_screen.dart:436:22 - The method 'SuggestedUsersList' isn't defined for the type '_NotificationsScreenState'. Try correcting the name to the name of an existing method, or defining a method named 'SuggestedUsersList'. - undefined_method
  error - lib\features\notifications\presentation\widgets\connection_requests_header.dart:10:8 - Target of URI doesn't exist: '../../screens/requests_screen.dart'. Try creating the file referenced by the URI, or try using a URI for a file that does exist. - uri_does_not_exist
  error - lib\features\notifications\presentation\widgets\connection_requests_header.dart:94:53 - The name 'RequestsScreen' isn't a class. Try correcting the name to match an existing class. - creation_with_non_type
  error - lib\features\notifications\presentation\widgets\notification_tile.dart:11:8 - Target of URI doesn't exist: '../../screens/pages/profile_screen.dart'. Try creating the file referenced by the URI, or try using a URI for a file that does exist. - uri_does_not_exist
  error - lib\features\notifications\presentation\widgets\notification_tile.dart:155:35 - The method 'ProfileScreen' isn't defined for the type '_NotificationTileState'. Try correcting the name to the name of an existing method, or defining a method named 'ProfileScreen'. - undefined_method
  error - lib\features\notifications\presentation\widgets\suggested_users_list.dart:11:8 - Target of URI doesn't exist: '../../screens/pages/profile_screen.dart'. Try creating the file referenced by the URI, or try using a URI for a file that does exist. - uri_does_not_exist
  error - lib\features\notifications\presentation\widgets\suggested_users_list.dart:237:37 - The method 'ProfileScreen' isn't defined for the type '_SuggestedUserCardState'. Try correcting the name to the name of an existing method, or defining a method named 'ProfileScreen'. - undefined_method
  error - lib\features\posts\presentation\create_post_screen.dart:13:8 - Target of URI doesn't exist: 'create_post/step1_media_picker.dart'. Try creating the file referenced by the URI, or try using a URI for a file that does exist. - uri_does_not_exist
  error - lib\features\posts\presentation\create_post_screen.dart:14:8 - Target of URI doesn't exist: 'create_post/step2_media_editor.dart'. Try creating the file referenced by the URI, or try using a URI for a file that does exist. - uri_does_not_exist
  error - lib\features\posts\presentation\create_post_screen.dart:15:8 - Target of URI doesn't exist: 'create_post/step3_post_details.dart'. Try creating the file referenced by the URI, or try using a URI for a file that does exist. - uri_does_not_exist
  error - lib\features\posts\presentation\create_post_screen.dart:209:15 - The method 'Step1MediaPicker' isn't defined for the type '_CreatePostScreenState'. Try correcting the name to the name of an existing method, or defining a method named 'Step1MediaPicker'. - undefined_method
  error - lib\features\posts\presentation\create_post_screen.dart:222:15 - The method 'Step2MediaEditor' isn't defined for the type '_CreatePostScreenState'. Try correcting the name to the name of an existing method, or defining a method named 'Step2MediaEditor'. - undefined_method
  error - lib\features\posts\presentation\create_post_screen.dart:241:15 - The method 'Step3PostDetails' isn't defined for the type '_CreatePostScreenState'. Try correcting the name to the name of an existing method, or defining a method named 'Step3PostDetails'. - undefined_method
  error - lib\features\posts\presentation\edit_post_screen.dart:10:8 - Target of URI doesn't exist: 'create_post/user_tagging_sheet.dart'. Try creating the file referenced by the URI, or try using a URI for a file that does exist. - uri_does_not_exist
  error - lib\features\posts\presentation\edit_post_screen.dart:57:20 - The method 'UserTaggingSheet' isn't defined for the type '_EditPostScreenState'. Try correcting the name to the name of an existing method, or defining a method named 'UserTaggingSheet'. - undefined_method
  error - lib\features\posts\presentation\likes_list_screen.dart:10:8 - Target of URI doesn't exist: 'pages/profile_screen.dart'. Try creating the file referenced by the URI, or try using a URI for a file that does exist. - uri_does_not_exist
  error - lib\features\posts\presentation\likes_list_screen.dart:112:48 - The method 'ProfileScreen' isn't defined for the type 'LikesListScreen'. Try correcting the name to the name of an existing method, or defining a method named 'ProfileScreen'. - undefined_method
  error - lib\features\posts\presentation\post_detail_screen.dart:11:8 - Target of URI doesn't exist: 'post_card.dart'. Try creating the file referenced by the URI, or try using a URI for a file that does exist. - uri_does_not_exist
  error - lib\features\posts\presentation\post_detail_screen.dart:12:8 - Target of URI doesn't exist: 'post_card_placeholder.dart'. Try creating the file referenced by the URI, or try using a URI for a file that does exist. - uri_does_not_exist
  error - lib\features\posts\presentation\post_detail_screen.dart:13:8 - Target of URI doesn't exist: 'comments_sheet.dart'. Try creating the file referenced by the URI, or try using a URI for a file that does exist. - uri_does_not_exist
  error - lib\features\posts\presentation\post_detail_screen.dart:15:8 - Target of URI doesn't exist: 'pages/profile_screen.dart'. Try creating the file referenced by the URI, or try using a URI for a file that does exist. - uri_does_not_exist
  error - lib\features\posts\presentation\post_detail_screen.dart:146:20 - The method 'CommentsSheet' isn't defined for the type '_PostDetailScreenState'. Try correcting the name to the name of an existing method, or defining a method named 'CommentsSheet'. - undefined_method
  error - lib\features\posts\presentation\post_detail_screen.dart:154:47 - The method 'ProfileScreen' isn't defined for the type '_PostDetailScreenState'. Try correcting the name to the name of an existing method, or defining a method named 'ProfileScreen'. - undefined_method
  error - lib\features\posts\presentation\post_detail_screen.dart:188:55 - Invalid constant value. - invalid_constant
  error - lib\features\posts\presentation\post_detail_screen.dart:188:55 - The method 'PostCardPlaceholder' isn't defined for the type '_PostDetailScreenState'. Try correcting the name to the name of an existing method, or defining a method named 'PostCardPlaceholder'. - undefined_method
  error - lib\features\posts\presentation\post_detail_screen.dart:228:17 - The method 'PostCard' isn't defined for the type '_PostDetailScreenState'. Try correcting the name to the name of an existing method, or defining a method named 'PostCard'. - undefined_method
  error - lib\features\posts\presentation\profile_feed_screen.dart:11:8 - Target of URI doesn't exist: 'post_card.dart'. Try creating the file referenced by the URI, or try using a URI for a file that does exist. - uri_does_not_exist
  error - lib\features\posts\presentation\profile_feed_screen.dart:12:8 - Target of URI doesn't exist: 'comments_sheet.dart'. Try creating the file referenced by the URI, or try using a URI for a file that does exist. - uri_does_not_exist
  error - lib\features\posts\presentation\profile_feed_screen.dart:166:20 - The method 'CommentsSheet' isn't defined for the type '_ProfileFeedScreenState'. Try correcting the name to the name of an existing method, or defining a method named 'CommentsSheet'. - undefined_method
  error - lib\features\posts\presentation\profile_feed_screen.dart:180:12 - The method 'PostCard' isn't defined for the type '_ProfileFeedScreenState'. Try correcting the name to the name of an existing method, or defining a method named 'PostCard'. - undefined_method
  error - lib\features\posts\presentation\widgets\comment_input_bar.dart:11:8 - Target of URI doesn't exist: '../../models/reply_state.dart'. Try creating the file referenced by the URI, or try using a URI for a file that does exist. - uri_does_not_exist
  error - lib\features\posts\presentation\widgets\comment_input_bar.dart:16:23 - The name 'ReplyState' isn't a type, so it can't be used as a type argument. Try correcting the name to an existing type, or defining a type named 'ReplyState'. - non_type_as_type_argument
  error - lib\features\posts\presentation\widgets\comment_input_bar.dart:170:34 - The name 'ReplyState' isn't a type, so it can't be used as a type argument. Try correcting the name to an existing type, or defining a type named 'ReplyState'. - non_type_as_type_argument
  error - lib\features\posts\presentation\widgets\comment_input_bar.dart:184:50 - The getter 'username' isn't defined for the type 'Object'. Try importing the library that defines 'username', correcting the name to the name of an existing getter, or defining a getter or field named 'username'. - undefined_getter
  error - lib\features\posts\presentation\widgets\comments_sheet.dart:11:8 - Target of URI doesn't exist: '../models/reply_state.dart'. Try creating the file referenced by the URI, or try using a URI for a file that does exist. - uri_does_not_exist
  error - lib\features\posts\presentation\widgets\comments_sheet.dart:12:8 - Target of URI doesn't exist: '../widgets/comments/comment_row.dart'. Try creating the file referenced by the URI, or try using a URI for a file that does exist. - uri_does_not_exist
  error - lib\features\posts\presentation\widgets\comments_sheet.dart:13:8 - Target of URI doesn't exist: '../widgets/comments/comment_input_bar.dart'. Try creating the file referenced by the URI, or try using a URI for a file that does exist. - uri_does_not_exist
  error - lib\features\posts\presentation\widgets\comments_sheet.dart:26:23 - The name 'ReplyState' isn't a type, so it can't be used as a type argument. Try correcting the name to an existing type, or defining a type named 'ReplyState'. - non_type_as_type_argument
  error - lib\features\posts\presentation\widgets\comments_sheet.dart:192:33 - The method 'CommentRow' isn't defined for the type '_CommentsSheetState'. Try correcting the name to the name of an existing method, or defining a method named 'CommentRow'. - undefined_method
  error - lib\features\posts\presentation\widgets\comments_sheet.dart:197:65 - The method 'ReplyState' isn't defined for the type '_CommentsSheetState'. Try correcting the name to the name of an existing method, or defining a method named 'ReplyState'. - undefined_method
  error - lib\features\posts\presentation\widgets\comments_sheet.dart:222:52 - The method 'CommentRow' isn't defined for the type '_CommentsSheetState'. Try correcting the name to the name of an existing method, or defining a method named 'CommentRow'. - undefined_method
  error - lib\features\posts\presentation\widgets\comments_sheet.dart:229:62 - The method 'ReplyState' isn't defined for the type '_CommentsSheetState'. Try correcting the name to the name of an existing method, or defining a method named 'ReplyState'. - undefined_method
  error - lib\features\posts\presentation\widgets\comments_sheet.dart:258:19 - The method 'CommentInputBar' isn't defined for the type '_CommentsSheetState'. Try correcting the name to the name of an existing method, or defining a method named 'CommentInputBar'. - undefined_method
  error - lib\features\posts\presentation\widgets\post_card.dart:11:8 - Target of URI doesn't exist: 'full_screen_video_player.dart'. Try creating the file referenced by the URI, or try using a URI for a file that does exist. - uri_does_not_exist
  error - lib\features\posts\presentation\widgets\post_card.dart:12:8 - Target of URI doesn't exist: 'full_screen_image_viewer.dart'. Try creating the file referenced by the URI, or try using a URI for a file that does exist. - uri_does_not_exist
  error - lib\features\posts\presentation\widgets\post_card.dart:15:8 - Target of URI doesn't exist: '../helpers/app_cache_manager.dart'. Try creating the file referenced by the URI, or try using a URI for a file that does exist. - uri_does_not_exist
  error - lib\features\posts\presentation\widgets\post_card.dart:310:53 - Undefined name 'AppCacheManager'. Try correcting the name to one that is defined, or defining the name. - undefined_identifier
  error - lib\features\posts\presentation\widgets\post_card.dart:433:42 - The method 'FullScreenVideoPlayer' isn't defined for the type '_PostCardState'. Try correcting the name to the name of an existing method, or defining a method named 'FullScreenVideoPlayer'. - undefined_method
  error - lib\features\posts\presentation\widgets\post_card.dart:444:42 - The method 'FullScreenImageViewer' isn't defined for the type '_PostCardState'. Try correcting the name to the name of an existing method, or defining a method named 'FullScreenImageViewer'. - undefined_method
  error - lib\features\posts\presentation\widgets\post_card.dart:464:43 - Undefined name 'AppCacheManager'. Try correcting the name to one that is defined, or defining the name. - undefined_identifier
  error - lib\features\profile\presentation\connections_screen.dart:11:8 - Target of URI doesn't exist: 'pages/profile_screen.dart'. Try creating the file referenced by the URI, or try using a URI for a file that does exist. - uri_does_not_exist
  error - lib\features\profile\presentation\connections_screen.dart:181:35 - The method 'ProfileScreen' isn't defined for the type '_MingleTile'. Try correcting the name to the name of an existing method, or defining a method named 'ProfileScreen'. - undefined_method
  error - lib\features\profile\presentation\edit_profile_screen.dart:11:8 - Target of URI doesn't exist: '../widgets/edit_profile/edit_profile_components.dart'. Try creating the file referenced by the URI, or try using a URI for a file that does exist. - uri_does_not_exist
  error - lib\features\profile\presentation\edit_profile_screen.dart:511:15 - The method 'EditProfileAvatar' isn't defined for the type '_EditProfileScreenState'. Try correcting the name to the name of an existing method, or defining a method named 'EditProfileAvatar'. - undefined_method
  error - lib\features\profile\presentation\edit_profile_screen.dart:522:15 - The method 'EditProfileForm' isn't defined for the type '_EditProfileScreenState'. Try correcting the name to the name of an existing method, or defining a method named 'EditProfileForm'. - undefined_method
  error - lib\features\profile\presentation\find_friends_screen.dart:7:8 - Target of URI doesn't exist: 'pages/profile_screen.dart'. Try creating the file referenced by the URI, or try using a URI for a file that does exist. - uri_does_not_exist
  error - lib\features\profile\presentation\find_friends_screen.dart:225:51 - The method 'ProfileScreen' isn't defined for the type '_FindFriendsScreenState'. Try correcting the name to the name of an existing method, or defining a method named 'ProfileScreen'. - undefined_method
  error - lib\features\profile\presentation\profile_screen.dart:11:8 - Target of URI doesn't exist: '../connections_screen.dart'. Try creating the file referenced by the URI, or try using a URI for a file that does exist. - uri_does_not_exist
  error - lib\features\profile\presentation\profile_screen.dart:12:8 - Target of URI doesn't exist: '../edit_profile_screen.dart'. Try creating the file referenced by the URI, or try using a URI for a file that does exist. - uri_does_not_exist
  error - lib\features\profile\presentation\profile_screen.dart:13:8 - Target of URI doesn't exist: '../chat_screen.dart'. Try creating the file referenced by the URI, or try using a URI for a file that does exist. - uri_does_not_exist
  error - lib\features\profile\presentation\profile_screen.dart:14:8 - Target of URI doesn't exist: '../admin_panel_screen.dart'. Try creating the file referenced by the URI, or try using a URI for a file that does exist. - uri_does_not_exist
  error - lib\features\profile\presentation\profile_screen.dart:15:8 - Target of URI doesn't exist: '../../theme_provider.dart'. Try creating the file referenced by the URI, or try using a URI for a file that does exist. - uri_does_not_exist
  error - lib\features\profile\presentation\profile_screen.dart:17:8 - Target of URI doesn't exist: '../stories/stories_connector.dart'. Try creating the file referenced by the URI, or try using a URI for a file that does exist. - uri_does_not_exist
  error - lib\features\profile\presentation\profile_screen.dart:18:8 - Target of URI doesn't exist: '../../models/connection_status.dart'. Try creating the file referenced by the URI, or try using a URI for a file that does exist. - uri_does_not_exist
  error - lib\features\profile\presentation\profile_screen.dart:20:8 - Target of URI doesn't exist: '../../widgets/profile/profile_quick_access.dart'. Try creating the file referenced by the URI, or try using a URI for a file that does exist. - uri_does_not_exist
  error - lib\features\profile\presentation\profile_screen.dart:21:8 - Target of URI doesn't exist: '../../widgets/profile/profile_posts_grid.dart'. Try creating the file referenced by the URI, or try using a URI for a file that does exist. - uri_does_not_exist
  error - lib\features\profile\presentation\profile_screen.dart:22:8 - Target of URI doesn't exist: '../../widgets/profile/share_profile_sheet.dart'. Try creating the file referenced by the URI, or try using a URI for a file that does exist. - uri_does_not_exist
  error - lib\features\profile\presentation\profile_screen.dart:23:8 - Target of URI doesn't exist: '../../widgets/profile/sliver_app_bar_delegate.dart'. Try creating the file referenced by the URI, or try using a URI for a file that does exist. - uri_does_not_exist
  error - lib\features\profile\presentation\profile_screen.dart:100:53 - The name 'StoryCreatorScreen' isn't a class. Try correcting the name to match an existing class. - creation_with_non_type
  error - lib\features\profile\presentation\profile_screen.dart:106:44 - Undefined name 'Story'. Try correcting the name to one that is defined, or defining the name. - undefined_identifier
  error - lib\features\profile\presentation\profile_screen.dart:110:45 - The method 'StoryViewScreen' isn't defined for the type '_ProfileScreenState'. Try correcting the name to the name of an existing method, or defining a method named 'StoryViewScreen'. - undefined_method
  error - lib\features\profile\presentation\profile_screen.dart:127:5 - Undefined class 'ConnectionStatus'. Try changing the name to the name of an existing class, or creating a class with the name 'ConnectionStatus'. - undefined_class
  error - lib\features\profile\presentation\profile_screen.dart:129:36 - Undefined name 'ConnectionStatus'. Try correcting the name to one that is defined, or defining the name. - undefined_identifier
  error - lib\features\profile\presentation\profile_screen.dart:134:28 - The method 'ConnectionsScreen' isn't defined for the type '_ProfileScreenState'. Try correcting the name to the name of an existing method, or defining a method named 'ConnectionsScreen'. - undefined_method
  error - lib\features\profile\presentation\profile_screen.dart:220:24 - The method 'ShareProfileSheet' isn't defined for the type '_ProfileScreenState'. Try correcting the name to the name of an existing method, or defining a method named 'ShareProfileSheet'. - undefined_method
  error - lib\features\profile\presentation\profile_screen.dart:241:30 - Undefined name 'themeProvider'. Try correcting the name to one that is defined, or defining the name. - undefined_identifier
  error - lib\features\profile\presentation\profile_screen.dart:263:29 - Undefined name 'themeProvider'. Try correcting the name to one that is defined, or defining the name. - undefined_identifier
  error - lib\features\profile\presentation\profile_screen.dart:268:34 - Undefined name 'themeProvider'. Try correcting the name to one that is defined, or defining the name. - undefined_identifier
  error - lib\features\profile\presentation\profile_screen.dart:270:42 - Undefined name 'themeProvider'. Try correcting the name to one that is defined, or defining the name. - undefined_identifier
  error - lib\features\profile\presentation\profile_screen.dart:352:3 - Undefined class 'ConnectionStatus'. Try changing the name to the name of an existing class, or creating a class with the name 'ConnectionStatus'. - undefined_class
  error - lib\features\profile\presentation\profile_screen.dart:353:31 - Undefined name 'ConnectionStatus'. Try correcting the name to one that is defined, or defining the name. - undefined_identifier
  error - lib\features\profile\presentation\profile_screen.dart:358:52 - Undefined name 'ConnectionStatus'. Try correcting the name to one that is defined, or defining the name. - undefined_identifier
  error - lib\features\profile\presentation\profile_screen.dart:359:53 - Undefined name 'ConnectionStatus'. Try correcting the name to one that is defined, or defining the name. - undefined_identifier
  error - lib\features\profile\presentation\profile_screen.dart:361:14 - Undefined name 'ConnectionStatus'. Try correcting the name to one that is defined, or defining the name. - undefined_identifier
  error - lib\features\profile\presentation\profile_screen.dart:363:12 - Undefined name 'ConnectionStatus'. Try correcting the name to one that is defined, or defining the name. - undefined_identifier
  error - lib\features\profile\presentation\profile_screen.dart:445:55 - The name 'AdminPanelScreen' isn't a class. Try correcting the name to match an existing class. - creation_with_non_type
  error - lib\features\profile\presentation\profile_screen.dart:536:47 - Undefined name 'ConnectionStatus'. Try correcting the name to one that is defined, or defining the name. - undefined_identifier
  error - lib\features\profile\presentation\profile_screen.dart:629:73 - The name 'EditProfileScreen' isn't a class. Try correcting the name to match an existing class. - creation_with_non_type
  error - lib\features\profile\presentation\profile_screen.dart:814:37 - The method 'ProfileQuickAccess' isn't defined for the type '_ProfileScreenState'. Try correcting the name to the name of an existing method, or defining a method named 'ProfileQuickAccess'. - undefined_method
  error - lib\features\profile\presentation\profile_screen.dart:830:41 - The method 'SliverAppBarDelegate' isn't defined for the type '_ProfileScreenState'. Try correcting the name to the name of an existing method, or defining a method named 'SliverAppBarDelegate'. - undefined_method
  error - lib\features\profile\presentation\profile_screen.dart:858:27 - The method 'ProfilePostsGrid' isn't defined for the type '_ProfileScreenState'. Try correcting the name to the name of an existing method, or defining a method named 'ProfilePostsGrid'. - undefined_method
  error - lib\features\profile\presentation\profile_screen.dart:910:14 - Undefined class 'ConnectionStatus'. Try changing the name to the name of an existing class, or creating a class with the name 'ConnectionStatus'. - undefined_class
  error - lib\features\profile\presentation\profile_screen.dart:945:45 - The name 'EditProfileScreen' isn't a class. Try correcting the name to match an existing class. - creation_with_non_type
  error - lib\features\profile\presentation\profile_screen.dart:987:29 - Undefined name 'ConnectionStatus'. Try correcting the name to one that is defined, or defining the name. - undefined_identifier
  error - lib\features\profile\presentation\profile_screen.dart:995:26 - The method 'ChatScreen' isn't defined for the type '_ProfileScreenState'. Try correcting the name to the name of an existing method, or defining a method named 'ChatScreen'. - undefined_method
  error - lib\features\profile\presentation\profile_screen.dart:1003:36 - Undefined name 'ConnectionStatus'. Try correcting the name to one that is defined, or defining the name. - undefined_identifier
  error - lib\features\profile\presentation\profile_screen.dart:1008:36 - Undefined name 'ConnectionStatus'. Try correcting the name to one that is defined, or defining the name. - undefined_identifier
  error - lib\features\profile\presentation\profile_screen.dart:1044:33 - Undefined name 'ConnectionStatus'. Try correcting the name to one that is defined, or defining the name. - undefined_identifier
  error - lib\features\profile\presentation\requests_screen.dart:12:8 - Target of URI doesn't exist: 'pages/profile_screen.dart'. Try creating the file referenced by the URI, or try using a URI for a file that does exist. - uri_does_not_exist
  error - lib\features\profile\presentation\requests_screen.dart:181:51 - The method 'ProfileScreen' isn't defined for the type '_RequestsScreenState'. Try correcting the name to the name of an existing method, or defining a method named 'ProfileScreen'. - undefined_method
  error - lib\features\profile\presentation\sent_requests_screen.dart:12:8 - Target of URI doesn't exist: 'pages/profile_screen.dart'. Try creating the file referenced by the URI, or try using a URI for a file that does exist. - uri_does_not_exist
  error - lib\features\profile\presentation\sent_requests_screen.dart:155:51 - The method 'ProfileScreen' isn't defined for the type '_SentRequestsScreenState'. Try correcting the name to the name of an existing method, or defining a method named 'ProfileScreen'. - undefined_method
  error - lib\features\profile\presentation\widgets\profile_info.dart:7:8 - Target of URI doesn't exist: '../../models/connection_status.dart'. Try creating the file referenced by the URI, or try using a URI for a file that does exist. - uri_does_not_exist
  error - lib\features\profile\presentation\widgets\profile_info.dart:17:9 - Undefined class 'ConnectionStatus'. Try changing the name to the name of an existing class, or creating a class with the name 'ConnectionStatus'. - undefined_class
  error - lib\features\profile\presentation\widgets\profile_info.dart:203:29 - Undefined name 'ConnectionStatus'. Try correcting the name to one that is defined, or defining the name. - undefined_identifier
  error - lib\features\profile\presentation\widgets\profile_info.dart:206:36 - Undefined name 'ConnectionStatus'. Try correcting the name to one that is defined, or defining the name. - undefined_identifier
  error - lib\features\profile\presentation\widgets\profile_info.dart:210:36 - Undefined name 'ConnectionStatus'. Try correcting the name to one that is defined, or defining the name. - undefined_identifier
  error - lib\features\profile\presentation\widgets\profile_info.dart:247:33 - Undefined name 'ConnectionStatus'. Try correcting the name to one that is defined, or defining the name. - undefined_identifier
  error - lib\features\profile\presentation\widgets\profile_posts_grid.dart:10:8 - Target of URI doesn't exist: '../../screens/profile_feed_screen.dart'. Try creating the file referenced by the URI, or try using a URI for a file that does exist. - uri_does_not_exist
  error - lib\features\profile\presentation\widgets\profile_posts_grid.dart:145:32 - The method 'ProfileFeedScreen' isn't defined for the type 'ProfilePostsGrid'. Try correcting the name to the name of an existing method, or defining a method named 'ProfileFeedScreen'. - undefined_method
  error - lib\features\profile\presentation\widgets\profile_quick_access.dart:8:8 - Target of URI doesn't exist: '../../screens/driver_tracking_screen.dart'. Try creating the file referenced by the URI, or try using a URI for a file that does exist. - uri_does_not_exist
  error - lib\features\profile\presentation\widgets\profile_quick_access.dart:9:8 - Target of URI doesn't exist: '../../screens/cafeteria_dashboard_screen.dart'. Try creating the file referenced by the URI, or try using a URI for a file that does exist. - uri_does_not_exist
  error - lib\features\profile\presentation\widgets\profile_quick_access.dart:72:47 - The name 'DriverTrackingScreen' isn't a class. Try correcting the name to match an existing class. - creation_with_non_type
  error - lib\features\profile\presentation\widgets\profile_quick_access.dart:85:47 - The name 'CafeteriaDashboardScreen' isn't a class. Try correcting the name to match an existing class. - creation_with_non_type
  error - lib\features\stories\presentation\stories_bar.dart:20:9 - Undefined class 'StoriesService'. Try changing the name to the name of an existing class, or creating a class with the name 'StoriesService'. - undefined_class
  error - lib\features\stories\presentation\stories_bar.dart:20:35 - The method 'StoriesService' isn't defined for the type '_StoriesBarState'. Try correcting the name to the name of an existing method, or defining a method named 'StoriesService'. - undefined_method
  error - lib\features\stories\presentation\stories_bar.dart:73:33 - The name 'Story' isn't a type, so it can't be used as a type argument. Try correcting the name to an existing type, or defining a type named 'Story'. - non_type_as_type_argument
  error - lib\features\stories\presentation\stories_bar.dart:77:34 - The name 'Story' isn't a type, so it can't be used as a type argument. Try correcting the name to an existing type, or defining a type named 'Story'. - non_type_as_type_argument
  error - lib\features\stories\presentation\stories_bar.dart:110:30 - The name 'Story' isn't a type, so it can't be used as a type argument. Try correcting the name to an existing type, or defining a type named 'Story'. - non_type_as_type_argument
  error - lib\features\stories\presentation\stories_bar.dart:233:55 - The name 'Story' isn't a type, so it can't be used as a type argument. Try correcting the name to an existing type, or defining a type named 'Story'. - non_type_as_type_argument
  error - lib\features\stories\presentation\stories_bar.dart:236:49 - The property 'viewers' can't be unconditionally accessed because the receiver can be 'null'. Try making the access conditional (using '?.') or adding a null check to the target ('!'). - unchecked_use_of_nullable_value
  error - lib\features\stories\presentation\stories_connector.dart:6:8 - Target of URI doesn't exist: '../../services/stories_service.dart'. Try creating the file referenced by the URI, or try using a URI for a file that does exist. - uri_does_not_exist
  error - lib\features\stories\presentation\stories_connector.dart:7:8 - Target of URI doesn't exist: 'overlay_text_model.dart'. Try creating the file referenced by the URI, or try using a URI for a file that does exist. - uri_does_not_exist
  error - lib\features\stories\presentation\story_creator_screen.dart:13:8 - Target of URI doesn't exist: '../create_post_screen.dart'. Try creating the file referenced by the URI, or try using a URI for a file that does exist. - uri_does_not_exist
  error - lib\features\stories\presentation\story_creator_screen.dart:308:9 - Undefined name 'PostType'. Try correcting the name to one that is defined, or defining the name. - undefined_identifier
  error - lib\features\stories\presentation\story_creator_screen.dart:343:9 - Undefined name 'PostType'. Try correcting the name to one that is defined, or defining the name. - undefined_identifier
  error - lib\features\stories\presentation\story_creator_screen.dart:354:5 - Undefined class 'PostType'. Try changing the name to the name of an existing class, or creating a class with the name 'PostType'. - undefined_class
  error - lib\features\stories\presentation\story_creator_screen.dart:408:31 - Undefined name 'PostType'. Try correcting the name to one that is defined, or defining the name. - undefined_identifier
  error - lib\features\stories\presentation\story_creator_screen.dart:408:48 - Undefined name 'PostType'. Try correcting the name to one that is defined, or defining the name. - undefined_identifier
  error - lib\features\stories\presentation\story_editor_view.dart:15:8 - Target of URI doesn't exist: '../create_post_screen.dart'. Try creating the file referenced by the URI, or try using a URI for a file that does exist. - uri_does_not_exist
  error - lib\features\stories\presentation\story_editor_view.dart:20:9 - Undefined class 'PostType'. Try changing the name to the name of an existing class, or creating a class with the name 'PostType'. - undefined_class
  error - lib\features\stories\presentation\story_editor_view.dart:44:9 - Undefined class 'StoriesService'. Try changing the name to the name of an existing class, or creating a class with the name 'StoriesService'. - undefined_class
  error - lib\features\stories\presentation\story_editor_view.dart:44:42 - The method 'StoriesService' isn't defined for the type '_StoryEditorViewState'. Try correcting the name to the name of an existing method, or defining a method named 'StoriesService'. - undefined_method
  error - lib\features\stories\presentation\story_editor_view.dart:49:22 - The name 'OverlayItem' isn't a type, so it can't be used as a type argument. Try correcting the name to an existing type, or defining a type named 'OverlayItem'. - non_type_as_type_argument
  error - lib\features\stories\presentation\story_editor_view.dart:106:27 - The method 'OverlayItem' isn't defined for the type '_StoryEditorViewState'. Try correcting the name to the name of an existing method, or defining a method named 'OverlayItem'. - undefined_method
  error - lib\features\stories\presentation\story_editor_view.dart:108:35 - Undefined name 'OverlayType'. Try correcting the name to one that is defined, or defining the name. - undefined_identifier
  error - lib\features\stories\presentation\story_editor_view.dart:152:27 - The method 'OverlayItem' isn't defined for the type '_StoryEditorViewState'. Try correcting the name to the name of an existing method, or defining a method named 'OverlayItem'. - undefined_method
  error - lib\features\stories\presentation\story_editor_view.dart:154:35 - Undefined name 'OverlayType'. Try correcting the name to one that is defined, or defining the name. - undefined_identifier
  error - lib\features\stories\presentation\story_editor_view.dart:279:28 - Undefined name 'PostType'. Try correcting the name to one that is defined, or defining the name. - undefined_identifier
  error - lib\features\stories\presentation\story_editor_view.dart:356:60 - The property 'id' can't be unconditionally accessed because the receiver can be 'null'. Try making the access conditional (using '?.') or adding a null check to the target ('!'). - unchecked_use_of_nullable_value
  error - lib\features\stories\presentation\story_editor_view.dart:356:78 - The property 'id' can't be unconditionally accessed because the receiver can be 'null'. Try making the access conditional (using '?.') or adding a null check to the target ('!'). - unchecked_use_of_nullable_value
  error - lib\features\stories\presentation\story_editor_view.dart:593:9 - Undefined class 'OverlayItem'. Try changing the name to the name of an existing class, or creating a class with the name 'OverlayItem'. - undefined_class
  error - lib\features\stories\presentation\story_editor_view.dart:594:22 - The name 'OverlayItem' isn't a type, so it can't be used as a type argument. Try correcting the name to an existing type, or defining a type named 'OverlayItem'. - non_type_as_type_argument
  error - lib\features\stories\presentation\story_editor_view.dart:637:37 - Undefined name 'OverlayType'. Try correcting the name to one that is defined, or defining the name. - undefined_identifier
  error - lib\features\stories\presentation\story_view_screen.dart:13:14 - The name 'Story' isn't a type, so it can't be used as a type argument. Try correcting the name to an existing type, or defining a type named 'Story'. - non_type_as_type_argument
  error - lib\features\stories\presentation\story_view_screen.dart:31:9 - Undefined class 'StoriesService'. Try changing the name to the name of an existing class, or creating a class with the name 'StoriesService'. - undefined_class
  error - lib\features\stories\presentation\story_view_screen.dart:31:35 - The method 'StoriesService' isn't defined for the type '_StoryViewScreenState'. Try correcting the name to the name of an existing method, or defining a method named 'StoriesService'. - undefined_method
  error - lib\features\stories\presentation\story_view_screen.dart:68:29 - Undefined class 'Story'. Try changing the name to the name of an existing class, or creating a class with the name 'Story'. - undefined_class
  error - lib\features\stories\presentation\story_view_screen.dart:160:11 - Undefined class 'Story'. Try changing the name to the name of an existing class, or creating a class with the name 'Story'. - undefined_class
  error - lib\features\tools\code_playground\code_playground_screen.dart:14:8 - Target of URI doesn't exist: '../services/piston_api_service.dart'. Try creating the file referenced by the URI, or try using a URI for a file that does exist. - uri_does_not_exist
  error - lib\features\tools\code_playground\code_playground_screen.dart:24:23 - The method 'PistonApiService' isn't defined for the type '_CodePlaygroundScreenState'. Try correcting the name to the name of an existing method, or defining a method named 'PistonApiService'. - undefined_method
  error - lib\features\tools\community\dev_community_screen.dart:5:8 - Target of URI doesn't exist: '../services/stack_exchange_service.dart'. Try creating the file referenced by the URI, or try using a URI for a file that does exist. - uri_does_not_exist
  error - lib\features\tools\community\dev_community_screen.dart:6:8 - Target of URI doesn't exist: 'web_view_screen.dart'. Try creating the file referenced by the URI, or try using a URI for a file that does exist. - uri_does_not_exist
  error - lib\features\tools\community\dev_community_screen.dart:16:23 - The method 'StackExchangeService' isn't defined for the type '_DevCommunityScreenState'. Try correcting the name to the name of an existing method, or defining a method named 'StackExchangeService'. - undefined_method
  error - lib\features\tools\community\dev_community_screen.dart:178:41 - The method 'WebViewScreen' isn't defined for the type '_DevCommunityScreenState'. Try correcting the name to the name of an existing method, or defining a method named 'WebViewScreen'. - undefined_method
  error - lib\features\tools\pdf_buddy\pdf_buddy_screen.dart:13:8 - Target of URI doesn't exist: '../services/pdf_buddy_service.dart'. Try creating the file referenced by the URI, or try using a URI for a file that does exist. - uri_does_not_exist
  error - lib\features\tools\pdf_buddy\pdf_buddy_screen.dart:26:9 - Undefined class 'PdfBuddyService'. Try changing the name to the name of an existing class, or creating a class with the name 'PdfBuddyService'. - undefined_class
  error - lib\features\tools\pdf_buddy\pdf_buddy_screen.dart:26:41 - The method 'PdfBuddyService' isn't defined for the type '_PdfBuddyScreenState'. Try correcting the name to the name of an existing method, or defining a method named 'PdfBuddyService'. - undefined_method
  error - lib\features\tools\quiz\quiz_categories_screen.dart:3:8 - Target of URI doesn't exist: '../models/quiz_question.dart'. Try creating the file referenced by the URI, or try using a URI for a file that does exist. - uri_does_not_exist
  error - lib\features\tools\quiz\quiz_categories_screen.dart:4:8 - Target of URI doesn't exist: '../services/quiz_service.dart'. Try creating the file referenced by the URI, or try using a URI for a file that does exist. - uri_does_not_exist
  error - lib\features\tools\quiz\quiz_categories_screen.dart:104:9 - Undefined class 'QuizService'. Try changing the name to the name of an existing class, or creating a class with the name 'QuizService'. - undefined_class
  error - lib\features\tools\quiz\quiz_categories_screen.dart:104:36 - The method 'QuizService' isn't defined for the type '_CategoryCardState'. Try correcting the name to the name of an existing method, or defining a method named 'QuizService'. - undefined_method
  error - lib\features\tools\quiz\quiz_categories_screen.dart:115:18 - The name 'QuizQuestion' isn't a type, so it can't be used as a type argument. Try correcting the name to an existing type, or defining a type named 'QuizQuestion'. - non_type_as_type_argument
  error - lib\features\tools\quiz\quiz_result_screen.dart:3:8 - Target of URI doesn't exist: 'package:my_project/screens/pages/classify_screen.dart'. Try creating the file referenced by the URI, or try using a URI for a file that does exist. - uri_does_not_exist
  error - lib\features\tools\quiz\quiz_result_screen.dart:73:49 - The name 'ClassifyScreen' isn't a class. Try correcting the name to match an existing class. - creation_with_non_type
  error - lib\features\tools\quiz\quiz_screen.dart:3:8 - Target of URI doesn't exist: '../models/quiz_question.dart'. Try creating the file referenced by the URI, or try using a URI for a file that does exist. - uri_does_not_exist
  error - lib\features\tools\quiz\quiz_screen.dart:9:14 - The name 'QuizQuestion' isn't a type, so it can't be used as a type argument. Try correcting the name to an existing type, or defining a type named 'QuizQuestion'. - non_type_as_type_argument
  error - lib\features\tools\quiz\quiz_service.dart:8:8 - Target of URI doesn't exist: '../models/quiz_question.dart'. Try creating the file referenced by the URI, or try using a URI for a file that does exist. - uri_does_not_exist
  error - lib\features\tools\quiz\quiz_service.dart:13:15 - The name 'QuizQuestion' isn't a type, so it can't be used as a type argument. Try correcting the name to an existing type, or defining a type named 'QuizQuestion'. - non_type_as_type_argument
  error - lib\features\tools\quiz\quiz_service.dart:53:37 - Undefined name 'QuizQuestion'. Try correcting the name to one that is defined, or defining the name. - undefined_identifier
  error - lib\features\tools\resume_analyzer\linkedin_analyzer_screen.dart:5:8 - Target of URI doesn't exist: '../services/linkedin_analyzer_service.dart'. Try creating the file referenced by the URI, or try using a URI for a file that does exist. - uri_does_not_exist
  error - lib\features\tools\resume_analyzer\linkedin_analyzer_screen.dart:16:9 - Undefined class 'LinkedInAnalyzerService'. Try changing the name to the name of an existing class, or creating a class with the name 'LinkedInAnalyzerService'. - undefined_class
  error - lib\features\tools\resume_analyzer\linkedin_analyzer_screen.dart:16:52 - The method 'LinkedInAnalyzerService' isn't defined for the type '_LinkedInAnalyzerScreenState'. Try correcting the name to the name of an existing method, or defining a method named 'LinkedInAnalyzerService'. - undefined_method
  error - lib\features\tools\resume_analyzer\resume_analyzer_screen.dart:8:8 - Target of URI doesn't exist: '../services/resume_analyzer_service.dart'. Try creating the file referenced by the URI, or try using a URI for a file that does exist. - uri_does_not_exist
  error - lib\features\tools\resume_analyzer\resume_analyzer_screen.dart:18:9 - Undefined class 'ResumeAnalyzerService'. Try changing the name to the name of an existing class, or creating a class with the name 'ResumeAnalyzerService'. - undefined_class
  error - lib\features\tools\resume_analyzer\resume_analyzer_screen.dart:18:50 - The method 'ResumeAnalyzerService' isn't defined for the type '_ResumeAnalyzerScreenState'. Try correcting the name to the name of an existing method, or defining a method named 'ResumeAnalyzerService'. - undefined_method
  error - lib\features\tools\youtube_summarizer\summary_chat_screen.dart:11:8 - Target of URI doesn't exist: '../services/youtube_summarizer_service.dart'. Try creating the file referenced by the URI, or try using a URI for a file that does exist. - uri_does_not_exist
  error - lib\features\tools\youtube_summarizer\summary_chat_screen.dart:31:9 - Undefined class 'YouTubeSummarizerService'. Try changing the name to the name of an existing class, or creating a class with the name 'YouTubeSummarizerService'. - undefined_class
  error - lib\features\tools\youtube_summarizer\summary_chat_screen.dart:32:7 - The method 'YouTubeSummarizerService' isn't defined for the type '_SummaryChatScreenState'. Try correcting the name to the name of an existing method, or defining a method named 'YouTubeSummarizerService'. - undefined_method
  error - lib\features\tools\youtube_summarizer\youtube_summarizer_screen.dart:13:8 - Target of URI doesn't exist: '../services/youtube_summarizer_service.dart'. Try creating the file referenced by the URI, or try using a URI for a file that does exist. - uri_does_not_exist
  error - lib\features\tools\youtube_summarizer\youtube_summarizer_screen.dart:26:9 - Undefined class 'YouTubeSummarizerService'. Try changing the name to the name of an existing class, or creating a class with the name 'YouTubeSummarizerService'. - undefined_class
  error - lib\features\tools\youtube_summarizer\youtube_summarizer_screen.dart:27:7 - The method 'YouTubeSummarizerService' isn't defined for the type '_YouTubeSummarizerScreenState'. Try correcting the name to the name of an existing method, or defining a method named 'YouTubeSummarizerService'. - undefined_method
  error - lib\features\tools\youtube_summarizer\youtube_summarizer_screen.dart:50:10 - Undefined name 'YouTubeSummarizerService'. Try correcting the name to one that is defined, or defining the name. - undefined_identifier
warning - lib\features\posts\presentation\create_post_screen.dart:41:10 - The value of the field '_selectedFilter' isn't used. Try removing the field, or using it. - unused_field
   info - lib\core\widgets\full_screen_image_viewer.dart:105:15 - 'translate' is deprecated and shouldn't be used. Use translateByVector3, translateByVector4, or translateByDouble instead. Try replacing the use of the deprecated member with the replacement. - deprecated_member_use
   info - lib\core\widgets\full_screen_image_viewer.dart:106:15 - 'scale' is deprecated and shouldn't be used. Use scaleByVector3, scaleByVector4, or scaleByDouble instead. Try replacing the use of the deprecated member with the replacement. - deprecated_member_use
   info - lib\core\widgets\full_screen_image_viewer.dart:232:31 - 'withOpacity' is deprecated and shouldn't be used. Use .withValues() to avoid precision loss. Try replacing the use of the deprecated member with the replacement. - deprecated_member_use
   info - lib\core\widgets\full_screen_image_viewer.dart:295:38 - 'withOpacity' is deprecated and shouldn't be used. Use .withValues() to avoid precision loss. Try replacing the use of the deprecated member with the replacement. - deprecated_member_use
   info - lib\core\widgets\full_screen_image_viewer.dart:332:40 - 'withOpacity' is deprecated and shouldn't be used. Use .withValues() to avoid precision loss. Try replacing the use of the deprecated member with the replacement. - deprecated_member_use
   info - lib\core\widgets\full_screen_image_viewer.dart:397:63 - 'withOpacity' is deprecated and shouldn't be used. Use .withValues() to avoid precision loss. Try replacing the use of the deprecated member with the replacement. - deprecated_member_use
   info - lib\features\admin\presentation\pages\admin_manage_cafeteria_menu_screen.dart:106:42 - 'withOpacity' is deprecated and shouldn't be used. Use .withValues() to avoid precision loss. Try replacing the use of the deprecated member with the replacement. - deprecated_member_use
   info - lib\features\admin\presentation\pages\admin_manage_cafeteria_menu_screen.dart:278:47 - 'withOpacity' is deprecated and shouldn't be used. Use .withValues() to avoid precision loss. Try replacing the use of the deprecated member with the replacement. - deprecated_member_use
   info - lib\features\admin\presentation\pages\admin_manage_cafeteria_menu_screen.dart:353:45 - 'withOpacity' is deprecated and shouldn't be used. Use .withValues() to avoid precision loss. Try replacing the use of the deprecated member with the replacement. - deprecated_member_use
   info - lib\features\admin\presentation\pages\admin_manage_campus_videos_screen.dart:59:42 - 'withOpacity' is deprecated and shouldn't be used. Use .withValues() to avoid precision loss. Try replacing the use of the deprecated member with the replacement. - deprecated_member_use
   info - lib\features\admin\presentation\pages\admin_manage_campus_videos_screen.dart:158:66 - 'withOpacity' is deprecated and shouldn't be used. Use .withValues() to avoid precision loss. Try replacing the use of the deprecated member with the replacement. - deprecated_member_use
   info - lib\features\admin\presentation\pages\admin_manage_campus_videos_screen.dart:193:52 - 'withOpacity' is deprecated and shouldn't be used. Use .withValues() to avoid precision loss. Try replacing the use of the deprecated member with the replacement. - deprecated_member_use
   info - lib\features\admin\presentation\pages\admin_manage_campus_videos_screen.dart:322:63 - Don't use 'BuildContext's across async gaps, guarded by an unrelated 'mounted' check. Guard a 'State.context' use with a 'mounted' check on the State, and other BuildContext use with a 'mounted' check on the BuildContext. - use_build_context_synchronously
   info - lib\features\admin\presentation\pages\admin_manage_campus_videos_screen.dart:326:49 - Don't use 'BuildContext's across async gaps, guarded by an unrelated 'mounted' check. Guard a 'State.context' use with a 'mounted' check on the State, and other BuildContext use with a 'mounted' check on the BuildContext. - use_build_context_synchronously
   info - lib\features\admin\presentation\pages\admin_manage_campus_videos_screen.dart:498:45 - 'withOpacity' is deprecated and shouldn't be used. Use .withValues() to avoid precision loss. Try replacing the use of the deprecated member with the replacement. - deprecated_member_use
   info - lib\features\admin\presentation\pages\admin_manage_events_screen.dart:62:42 - 'withOpacity' is deprecated and shouldn't be used. Use .withValues() to avoid precision loss. Try replacing the use of the deprecated member with the replacement. - deprecated_member_use
   info - lib\features\admin\presentation\pages\admin_manage_events_screen.dart:141:66 - 'withOpacity' is deprecated and shouldn't be used. Use .withValues() to avoid precision loss. Try replacing the use of the deprecated member with the replacement. - deprecated_member_use
   info - lib\features\admin\presentation\pages\admin_manage_events_screen.dart:332:63 - Don't use 'BuildContext's across async gaps, guarded by an unrelated 'mounted' check. Guard a 'State.context' use with a 'mounted' check on the State, and other BuildContext use with a 'mounted' check on the BuildContext. - use_build_context_synchronously
   info - lib\features\admin\presentation\pages\admin_manage_events_screen.dart:336:49 - Don't use 'BuildContext's across async gaps, guarded by an unrelated 'mounted' check. Guard a 'State.context' use with a 'mounted' check on the State, and other BuildContext use with a 'mounted' check on the BuildContext. - use_build_context_synchronously
   info - lib\features\admin\presentation\pages\admin_manage_events_screen.dart:431:57 - 'withOpacity' is deprecated and shouldn't be used. Use .withValues() to avoid precision loss. Try replacing the use of the deprecated member with the replacement. - deprecated_member_use
   info - lib\features\admin\presentation\pages\admin_manage_events_screen.dart:434:47 - 'withOpacity' is deprecated and shouldn't be used. Use .withValues() to avoid precision loss. Try replacing the use of the deprecated member with the replacement. - deprecated_member_use
   info - lib\features\admin\presentation\pages\admin_manage_events_screen.dart:567:35 - Don't use 'BuildContext's across async gaps, guarded by an unrelated 'mounted' check. Guard a 'State.context' use with a 'mounted' check on the State, and other BuildContext use with a 'mounted' check on the BuildContext. - use_build_context_synchronously
   info - lib\features\admin\presentation\pages\admin_manage_events_screen.dart:568:42 - Don't use 'BuildContext's across async gaps, guarded by an unrelated 'mounted' check. Guard a 'State.context' use with a 'mounted' check on the State, and other BuildContext use with a 'mounted' check on the BuildContext. - use_build_context_synchronously
   info - lib\features\admin\presentation\pages\admin_manage_events_screen.dart:669:45 - 'withOpacity' is deprecated and shouldn't be used. Use .withValues() to avoid precision loss. Try replacing the use of the deprecated member with the replacement. - deprecated_member_use
   info - lib\features\admin\presentation\pages\admin_manage_lostfound_screen.dart:242:50 - 'withOpacity' is deprecated and shouldn't be used. Use .withValues() to avoid precision loss. Try replacing the use of the deprecated member with the replacement. - deprecated_member_use
   info - lib\features\admin\presentation\pages\admin_manage_lostfound_screen.dart:243:49 - 'withOpacity' is deprecated and shouldn't be used. Use .withValues() to avoid precision loss. Try replacing the use of the deprecated member with the replacement. - deprecated_member_use
   info - lib\features\ai_chat\presentation\ai_chat_history_screen.dart:207:46 - 'withOpacity' is deprecated and shouldn't be used. Use .withValues() to avoid precision loss. Try replacing the use of the deprecated member with the replacement. - deprecated_member_use
   info - lib\features\ai_chat\presentation\ai_chat_history_screen.dart:263:45 - 'withOpacity' is deprecated and shouldn't be used. Use .withValues() to avoid precision loss. Try replacing the use of the deprecated member with the replacement. - deprecated_member_use
   info - lib\features\ai_chat\presentation\ai_chat_history_screen.dart:371:61 - 'withOpacity' is deprecated and shouldn't be used. Use .withValues() to avoid precision loss. Try replacing the use of the deprecated member with the replacement. - deprecated_member_use
   info - lib\features\ai_chat\presentation\ai_chat_screen.dart:423:61 - 'withOpacity' is deprecated and shouldn't be used. Use .withValues() to avoid precision loss. Try replacing the use of the deprecated member with the replacement. - deprecated_member_use
   info - lib\features\ai_chat\presentation\ai_chat_screen.dart:438:52 - 'withOpacity' is deprecated and shouldn't be used. Use .withValues() to avoid precision loss. Try replacing the use of the deprecated member with the replacement. - deprecated_member_use
   info - lib\features\ai_chat\presentation\ai_chat_screen.dart:571:52 - 'withOpacity' is deprecated and shouldn't be used. Use .withValues() to avoid precision loss. Try replacing the use of the deprecated member with the replacement. - deprecated_member_use
   info - lib\features\ai_chat\presentation\ai_chat_screen.dart:637:37 - 'withOpacity' is deprecated and shouldn't be used. Use .withValues() to avoid precision loss. Try replacing the use of the deprecated member with the replacement. - deprecated_member_use
   info - lib\features\ai_chat\presentation\ai_chat_screen.dart:642:46 - 'withOpacity' is deprecated and shouldn't be used. Use .withValues() to avoid precision loss. Try replacing the use of the deprecated member with the replacement. - deprecated_member_use
   info - lib\features\ai_chat\presentation\widgets\ai_chat_components.dart:61:54 - 'withOpacity' is deprecated and shouldn't be used. Use .withValues() to avoid precision loss. Try replacing the use of the deprecated member with the replacement. - deprecated_member_use
   info - lib\features\ai_chat\presentation\widgets\ai_chat_components.dart:94:60 - 'withOpacity' is deprecated and shouldn't be used. Use .withValues() to avoid precision loss. Try replacing the use of the deprecated member with the replacement. - deprecated_member_use
   info - lib\features\ai_chat\presentation\widgets\ai_chat_components.dart:99:56 - 'withOpacity' is deprecated and shouldn't be used. Use .withValues() to avoid precision loss. Try replacing the use of the deprecated member with the replacement. - deprecated_member_use
   info - lib\features\ai_chat\presentation\widgets\ai_chat_components.dart:168:33 - 'withOpacity' is deprecated and shouldn't be used. Use .withValues() to avoid precision loss. Try replacing the use of the deprecated member with the replacement. - deprecated_member_use
   info - lib\features\ai_chat\presentation\widgets\ai_chat_components.dart:170:51 - 'withOpacity' is deprecated and shouldn't be used. Use .withValues() to avoid precision loss. Try replacing the use of the deprecated member with the replacement. - deprecated_member_use
   info - lib\features\ai_chat\presentation\widgets\ai_chat_components.dart:180:60 - 'withOpacity' is deprecated and shouldn't be used. Use .withValues() to avoid precision loss. Try replacing the use of the deprecated member with the replacement. - deprecated_member_use
   info - lib\features\ai_chat\presentation\widgets\ai_chat_components.dart:222:58 - 'withOpacity' is deprecated and shouldn't be used. Use .withValues() to avoid precision loss. Try replacing the use of the deprecated member with the replacement. - deprecated_member_use
   info - lib\features\ai_chat\presentation\widgets\ai_chat_components.dart:272:22 - 'withOpacity' is deprecated and shouldn't be used. Use .withValues() to avoid precision loss. Try replacing the use of the deprecated member with the replacement. - deprecated_member_use
   info - lib\features\ai_chat\presentation\widgets\ai_chat_components.dart:274:41 - 'withOpacity' is deprecated and shouldn't be used. Use .withValues() to avoid precision loss. Try replacing the use of the deprecated member with the replacement. - deprecated_member_use
   info - lib\features\ai_chat\presentation\widgets\ai_chat_components.dart:354:50 - 'withOpacity' is deprecated and shouldn't be used. Use .withValues() to avoid precision loss. Try replacing the use of the deprecated member with the replacement. - deprecated_member_use
   info - lib\features\ai_chat\presentation\widgets\ai_chat_components.dart:375:54 - 'withOpacity' is deprecated and shouldn't be used. Use .withValues() to avoid precision loss. Try replacing the use of the deprecated member with the replacement. - deprecated_member_use
   info - lib\features\auth\presentation\pages\login_page.dart:195:39 - 'withOpacity' is deprecated and shouldn't be used. Use .withValues() to avoid precision loss. Try replacing the use of the deprecated member with the replacement. - deprecated_member_use
   info - lib\features\auth\presentation\pages\login_page.dart:225:58 - 'withOpacity' is deprecated and shouldn't be used. Use .withValues() to avoid precision loss. Try replacing the use of the deprecated member with the replacement. - deprecated_member_use
   info - lib\features\auth\presentation\pages\login_page.dart:332:62 - 'withOpacity' is deprecated and shouldn't be used. Use .withValues() to avoid precision loss. Try replacing the use of the deprecated member with the replacement. - deprecated_member_use
   info - lib\features\auth\presentation\pages\login_page.dart:496:35 - 'withOpacity' is deprecated and shouldn't be used. Use .withValues() to avoid precision loss. Try replacing the use of the deprecated member with the replacement. - deprecated_member_use
   info - lib\features\auth\presentation\pages\signup_page.dart:329:34 - 'withOpacity' is deprecated and shouldn't be used. Use .withValues() to avoid precision loss. Try replacing the use of the deprecated member with the replacement. - deprecated_member_use
   info - lib\features\auth\presentation\pages\signup_page.dart:370:50 - 'withOpacity' is deprecated and shouldn't be used. Use .withValues() to avoid precision loss. Try replacing the use of the deprecated member with the replacement. - deprecated_member_use
   info - lib\features\auth\presentation\pages\signup_page.dart:464:39 - 'withOpacity' is deprecated and shouldn't be used. Use .withValues() to avoid precision loss. Try replacing the use of the deprecated member with the replacement. - deprecated_member_use
   info - lib\features\auth\presentation\pages\signup_page.dart:649:62 - 'withOpacity' is deprecated and shouldn't be used. Use .withValues() to avoid precision loss. Try replacing the use of the deprecated member with the replacement. - deprecated_member_use
   info - lib\features\auth\presentation\pages\signup_page.dart:741:35 - 'withOpacity' is deprecated and shouldn't be used. Use .withValues() to avoid precision loss. Try replacing the use of the deprecated member with the replacement. - deprecated_member_use
   info - lib\features\cafeteria\presentation\cafeteria_admin_screen.dart:137:57 - 'withOpacity' is deprecated and shouldn't be used. Use .withValues() to avoid precision loss. Try replacing the use of the deprecated member with the replacement. - deprecated_member_use
   info - lib\features\cafeteria\presentation\cafeteria_dashboard_screen.dart:99:37 - 'withOpacity' is deprecated and shouldn't be used. Use .withValues() to avoid precision loss. Try replacing the use of the deprecated member with the replacement. - deprecated_member_use
   info - lib\features\cafeteria\presentation\cafeteria_dashboard_screen.dart:111:30 - 'withOpacity' is deprecated and shouldn't be used. Use .withValues() to avoid precision loss. Try replacing the use of the deprecated member with the replacement. - deprecated_member_use
   info - lib\features\cafeteria\presentation\cafeteria_screen.dart:204:35 - 'withOpacity' is deprecated and shouldn't be used. Use .withValues() to avoid precision loss. Try replacing the use of the deprecated member with the replacement. - deprecated_member_use
   info - lib\features\cafeteria\presentation\cafeteria_screen.dart:298:62 - 'withOpacity' is deprecated and shouldn't be used. Use .withValues() to avoid precision loss. Try replacing the use of the deprecated member with the replacement. - deprecated_member_use
   info - lib\features\cafeteria\presentation\cafeteria_screen.dart:399:52 - 'withOpacity' is deprecated and shouldn't be used. Use .withValues() to avoid precision loss. Try replacing the use of the deprecated member with the replacement. - deprecated_member_use
   info - lib\features\cafeteria\presentation\cafeteria_screen.dart:444:47 - 'withOpacity' is deprecated and shouldn't be used. Use .withValues() to avoid precision loss. Try replacing the use of the deprecated member with the replacement. - deprecated_member_use
   info - lib\features\cafeteria\presentation\checkout_screen.dart:177:41 - 'withOpacity' is deprecated and shouldn't be used. Use .withValues() to avoid precision loss. Try replacing the use of the deprecated member with the replacement. - deprecated_member_use
   info - lib\features\cafeteria\presentation\checkout_screen.dart:423:48 - 'withOpacity' is deprecated and shouldn't be used. Use .withValues() to avoid precision loss. Try replacing the use of the deprecated member with the replacement. - deprecated_member_use
   info - lib\features\cafeteria\presentation\my_orders_screen.dart:126:53 - 'withOpacity' is deprecated and shouldn't be used. Use .withValues() to avoid precision loss. Try replacing the use of the deprecated member with the replacement. - deprecated_member_use
   info - lib\features\cafeteria\presentation\my_orders_screen.dart:167:58 - 'withOpacity' is deprecated and shouldn't be used. Use .withValues() to avoid precision loss. Try replacing the use of the deprecated member with the replacement. - deprecated_member_use
   info - lib\features\campus\presentation\classify_screen.dart:264:39 - 'withOpacity' is deprecated and shouldn't be used. Use .withValues() to avoid precision loss. Try replacing the use of the deprecated member with the replacement. - deprecated_member_use
   info - lib\features\campus\presentation\classify_screen.dart:278:39 - 'withOpacity' is deprecated and shouldn't be used. Use .withValues() to avoid precision loss. Try replacing the use of the deprecated member with the replacement. - deprecated_member_use
   info - lib\features\campus\presentation\department_detail_menu_screen.dart:221:39 - 'withOpacity' is deprecated and shouldn't be used. Use .withValues() to avoid precision loss. Try replacing the use of the deprecated member with the replacement. - deprecated_member_use
   info - lib\features\campus\presentation\department_detail_menu_screen.dart:234:39 - 'withOpacity' is deprecated and shouldn't be used. Use .withValues() to avoid precision loss. Try replacing the use of the deprecated member with the replacement. - deprecated_member_use
   info - lib\features\campus\presentation\department_notes_screen.dart:90:45 - 'withOpacity' is deprecated and shouldn't be used. Use .withValues() to avoid precision loss. Try replacing the use of the deprecated member with the replacement. - deprecated_member_use
   info - lib\features\campus\presentation\department_notes_screen.dart:105:42 - 'withOpacity' is deprecated and shouldn't be used. Use .withValues() to avoid precision loss. Try replacing the use of the deprecated member with the replacement. - deprecated_member_use
   info - lib\features\campus\presentation\department_sub_screens.dart:155:47 - 'withOpacity' is deprecated and shouldn't be used. Use .withValues() to avoid precision loss. Try replacing the use of the deprecated member with the replacement. - deprecated_member_use
   info - lib\features\campus\presentation\department_sub_screens.dart:169:62 - 'withOpacity' is deprecated and shouldn't be used. Use .withValues() to avoid precision loss. Try replacing the use of the deprecated member with the replacement. - deprecated_member_use
   info - lib\features\campus\presentation\department_sub_screens.dart:401:41 - 'withOpacity' is deprecated and shouldn't be used. Use .withValues() to avoid precision loss. Try replacing the use of the deprecated member with the replacement. - deprecated_member_use
   info - lib\features\campus\presentation\department_sub_screens.dart:678:57 - 'withOpacity' is deprecated and shouldn't be used. Use .withValues() to avoid precision loss. Try replacing the use of the deprecated member with the replacement. - deprecated_member_use
   info - lib\features\campus\presentation\department_sub_screens.dart:692:39 - 'withOpacity' is deprecated and shouldn't be used. Use .withValues() to avoid precision loss. Try replacing the use of the deprecated member with the replacement. - deprecated_member_use
   info - lib\features\campus\presentation\department_sub_screens.dart:766:57 - 'withOpacity' is deprecated and shouldn't be used. Use .withValues() to avoid precision loss. Try replacing the use of the deprecated member with the replacement. - deprecated_member_use
   info - lib\features\campus\presentation\department_sub_screens.dart:780:39 - 'withOpacity' is deprecated and shouldn't be used. Use .withValues() to avoid precision loss. Try replacing the use of the deprecated member with the replacement. - deprecated_member_use
   info - lib\features\campus\presentation\department_sub_screens.dart:920:47 - 'withOpacity' is deprecated and shouldn't be used. Use .withValues() to avoid precision loss. Try replacing the use of the deprecated member with the replacement. - deprecated_member_use
   info - lib\features\campus\presentation\departments_screen.dart:114:43 - 'withOpacity' is deprecated and shouldn't be used. Use .withValues() to avoid precision loss. Try replacing the use of the deprecated member with the replacement. - deprecated_member_use
   info - lib\features\campus\presentation\departments_screen.dart:333:39 - 'withOpacity' is deprecated and shouldn't be used. Use .withValues() to avoid precision loss. Try replacing the use of the deprecated member with the replacement. - deprecated_member_use
   info - lib\features\campus\presentation\departments_screen.dart:358:53 - 'withOpacity' is deprecated and shouldn't be used. Use .withValues() to avoid precision loss. Try replacing the use of the deprecated member with the replacement. - deprecated_member_use
   info - lib\features\campus\presentation\event_list_screen.dart:215:35 - 'withOpacity' is deprecated and shouldn't be used. Use .withValues() to avoid precision loss. Try replacing the use of the deprecated member with the replacement. - deprecated_member_use
   info - lib\features\campus\presentation\event_list_screen.dart:256:46 - 'withOpacity' is deprecated and shouldn't be used. Use .withValues() to avoid precision loss. Try replacing the use of the deprecated member with the replacement. - deprecated_member_use
   info - lib\features\campus\presentation\event_list_screen.dart:272:48 - 'withOpacity' is deprecated and shouldn't be used. Use .withValues() to avoid precision loss. Try replacing the use of the deprecated member with the replacement. - deprecated_member_use
   info - lib\features\campus\presentation\event_list_screen.dart:347:35 - 'withOpacity' is deprecated and shouldn't be used. Use .withValues() to avoid precision loss. Try replacing the use of the deprecated member with the replacement. - deprecated_member_use
   info - lib\features\campus\presentation\event_list_screen.dart:387:57 - 'withOpacity' is deprecated and shouldn't be used. Use .withValues() to avoid precision loss. Try replacing the use of the deprecated member with the replacement. - deprecated_member_use
   info - lib\features\campus\presentation\event_list_screen.dart:407:49 - 'withOpacity' is deprecated and shouldn't be used. Use .withValues() to avoid precision loss. Try replacing the use of the deprecated member with the replacement. - deprecated_member_use
   info - lib\features\campus\presentation\event_list_screen.dart:410:51 - 'withOpacity' is deprecated and shouldn't be used. Use .withValues() to avoid precision loss. Try replacing the use of the deprecated member with the replacement. - deprecated_member_use
   info - lib\features\campus\presentation\id_card_screen.dart:32:5 - 'gyroscopeEvents' is deprecated and shouldn't be used. Use gyroscopeEventStream() instead. Try replacing the use of the deprecated member with the replacement. - deprecated_member_use
   info - lib\features\chat\presentation\chat_list_screen.dart:204:37 - 'withOpacity' is deprecated and shouldn't be used. Use .withValues() to avoid precision loss. Try replacing the use of the deprecated member with the replacement. - deprecated_member_use
   info - lib\features\chat\presentation\chat_list_screen.dart:281:35 - 'withOpacity' is deprecated and shouldn't be used. Use .withValues() to avoid precision loss. Try replacing the use of the deprecated member with the replacement. - deprecated_member_use
   info - lib\features\chat\presentation\chat_screen.dart:127:9 - Don't use 'BuildContext's across async gaps. Try rewriting the code to not use the 'BuildContext', or guard the use with a 'mounted' check. - use_build_context_synchronously
   info - lib\features\chat\presentation\chat_screen.dart:314:50 - 'withOpacity' is deprecated and shouldn't be used. Use .withValues() to avoid precision loss. Try replacing the use of the deprecated member with the replacement. - deprecated_member_use
   info - lib\features\chat\presentation\widgets\chat_bubble.dart:124:35 - 'withOpacity' is deprecated and shouldn't be used. Use .withValues() to avoid precision loss. Try replacing the use of the deprecated member with the replacement. - deprecated_member_use
   info - lib\features\chat\presentation\widgets\chat_bubble.dart:130:46 - 'withOpacity' is deprecated and shouldn't be used. Use .withValues() to avoid precision loss. Try replacing the use of the deprecated member with the replacement. - deprecated_member_use
   info - lib\features\chat\presentation\widgets\chat_bubble.dart:191:37 - 'withOpacity' is deprecated and shouldn't be used. Use .withValues() to avoid precision loss. Try replacing the use of the deprecated member with the replacement. - deprecated_member_use
   info - lib\features\chat\presentation\widgets\chat_input_bar.dart:50:45 - 'withOpacity' is deprecated and shouldn't be used. Use .withValues() to avoid precision loss. Try replacing the use of the deprecated member with the replacement. - deprecated_member_use
   info - lib\features\chat\presentation\widgets\chat_input_bar.dart:111:54 - 'withOpacity' is deprecated and shouldn't be used. Use .withValues() to avoid precision loss. Try replacing the use of the deprecated member with the replacement. - deprecated_member_use
   info - lib\features\dashboard\presentation\main_screen.dart:158:39 - 'withOpacity' is deprecated and shouldn't be used. Use .withValues() to avoid precision loss. Try replacing the use of the deprecated member with the replacement. - deprecated_member_use
   info - lib\features\dashboard\presentation\main_screen.dart:187:37 - 'withOpacity' is deprecated and shouldn't be used. Use .withValues() to avoid precision loss. Try replacing the use of the deprecated member with the replacement. - deprecated_member_use
   info - lib\features\dashboard\presentation\main_screen.dart:257:41 - 'withOpacity' is deprecated and shouldn't be used. Use .withValues() to avoid precision loss. Try replacing the use of the deprecated member with the replacement. - deprecated_member_use
   info - lib\features\explore\presentation\explore_screen.dart:76:51 - 'withOpacity' is deprecated and shouldn't be used. Use .withValues() to avoid precision loss. Try replacing the use of the deprecated member with the replacement. - deprecated_member_use
   info - lib\features\explore\presentation\explore_screen.dart:366:57 - 'withOpacity' is deprecated and shouldn't be used. Use .withValues() to avoid precision loss. Try replacing the use of the deprecated member with the replacement. - deprecated_member_use
   info - lib\features\explore\presentation\explore_screen.dart:428:37 - 'withOpacity' is deprecated and shouldn't be used. Use .withValues() to avoid precision loss. Try replacing the use of the deprecated member with the replacement. - deprecated_member_use
   info - lib\features\explore\presentation\search_screen.dart:101:50 - 'withOpacity' is deprecated and shouldn't be used. Use .withValues() to avoid precision loss. Try replacing the use of the deprecated member with the replacement. - deprecated_member_use
   info - lib\features\explore\presentation\search_screen.dart:161:50 - 'withOpacity' is deprecated and shouldn't be used. Use .withValues() to avoid precision loss. Try replacing the use of the deprecated member with the replacement. - deprecated_member_use
   info - lib\features\home\presentation\widgets\home_banner_carousel.dart:94:43 - 'withOpacity' is deprecated and shouldn't be used. Use .withValues() to avoid precision loss. Try replacing the use of the deprecated member with the replacement. - deprecated_member_use
   info - lib\features\home\presentation\widgets\home_campus_highlights.dart:249:52 - 'withOpacity' is deprecated and shouldn't be used. Use .withValues() to avoid precision loss. Try replacing the use of the deprecated member with the replacement. - deprecated_member_use
   info - lib\features\home\presentation\widgets\home_header.dart:51:36 - 'withOpacity' is deprecated and shouldn't be used. Use .withValues() to avoid precision loss. Try replacing the use of the deprecated member with the replacement. - deprecated_member_use
   info - lib\features\home\presentation\widgets\home_header.dart:52:36 - 'withOpacity' is deprecated and shouldn't be used. Use .withValues() to avoid precision loss. Try replacing the use of the deprecated member with the replacement. - deprecated_member_use
   info - lib\features\home\presentation\widgets\home_header.dart:58:37 - 'withOpacity' is deprecated and shouldn't be used. Use .withValues() to avoid precision loss. Try replacing the use of the deprecated member with the replacement. - deprecated_member_use
   info - lib\features\home\presentation\widgets\home_quick_links.dart:60:35 - 'withOpacity' is deprecated and shouldn't be used. Use .withValues() to avoid precision loss. Try replacing the use of the deprecated member with the replacement. - deprecated_member_use
   info - lib\features\home\presentation\widgets\home_quick_links.dart:66:53 - 'withOpacity' is deprecated and shouldn't be used. Use .withValues() to avoid precision loss. Try replacing the use of the deprecated member with the replacement. - deprecated_member_use
   info - lib\features\home\presentation\widgets\home_quick_links.dart:122:42 - 'withOpacity' is deprecated and shouldn't be used. Use .withValues() to avoid precision loss. Try replacing the use of the deprecated member with the replacement. - deprecated_member_use
   info - lib\features\home\presentation\widgets\home_upcoming_event_banner.dart:63:54 - 'withOpacity' is deprecated and shouldn't be used. Use .withValues() to avoid precision loss. Try replacing the use of the deprecated member with the replacement. - deprecated_member_use
   info - lib\features\home\presentation\widgets\home_upcoming_event_banner.dart:74:43 - 'withOpacity' is deprecated and shouldn't be used. Use .withValues() to avoid precision loss. Try replacing the use of the deprecated member with the replacement. - deprecated_member_use
   info - lib\features\home\presentation\widgets\home_upcoming_event_banner.dart:91:49 - 'withOpacity' is deprecated and shouldn't be used. Use .withValues() to avoid precision loss. Try replacing the use of the deprecated member with the replacement. - deprecated_member_use
   info - lib\features\lost_and_found\presentation\create_lost_found_post_screen.dart:316:57 - 'withOpacity' is deprecated and shouldn't be used. Use .withValues() to avoid precision loss. Try replacing the use of the deprecated member with the replacement. - deprecated_member_use
   info - lib\features\lost_and_found\presentation\create_lost_found_post_screen.dart:319:47 - 'withOpacity' is deprecated and shouldn't be used. Use .withValues() to avoid precision loss. Try replacing the use of the deprecated member with the replacement. - deprecated_member_use
   info - lib\features\lost_and_found\presentation\edit_lost_found_post_screen.dart:336:57 - 'withOpacity' is deprecated and shouldn't be used. Use .withValues() to avoid precision loss. Try replacing the use of the deprecated member with the replacement. - deprecated_member_use
   info - lib\features\lost_and_found\presentation\edit_lost_found_post_screen.dart:339:47 - 'withOpacity' is deprecated and shouldn't be used. Use .withValues() to avoid precision loss. Try replacing the use of the deprecated member with the replacement. - deprecated_member_use
   info - lib\features\lost_and_found\presentation\lost_and_found_screen.dart:103:35 - 'withOpacity' is deprecated and shouldn't be used. Use .withValues() to avoid precision loss. Try replacing the use of the deprecated member with the replacement. - deprecated_member_use
   info - lib\features\lost_and_found\presentation\lost_found_detail_screen.dart:46:17 - Empty catch block. Try adding statements to the block, adding a comment to the block, or removing the 'catch' clause. - empty_catches
   info - lib\features\lost_and_found\presentation\lost_found_detail_screen.dart:318:41 - 'withOpacity' is deprecated and shouldn't be used. Use .withValues() to avoid precision loss. Try replacing the use of the deprecated member with the replacement. - deprecated_member_use
   info - lib\features\lost_and_found\presentation\lost_found_detail_screen.dart:454:36 - 'withOpacity' is deprecated and shouldn't be used. Use .withValues() to avoid precision loss. Try replacing the use of the deprecated member with the replacement. - deprecated_member_use
   info - lib\features\lost_and_found\presentation\widgets\lost_found_item_card.dart:63:37 - 'withOpacity' is deprecated and shouldn't be used. Use .withValues() to avoid precision loss. Try replacing the use of the deprecated member with the replacement. - deprecated_member_use
   info - lib\features\lost_and_found\presentation\widgets\lost_found_item_card.dart:101:44 - 'withOpacity' is deprecated and shouldn't be used. Use .withValues() to avoid precision loss. Try replacing the use of the deprecated member with the replacement. - deprecated_member_use
   info - lib\features\lost_and_found\presentation\widgets\lost_found_item_card.dart:125:56 - 'withOpacity' is deprecated and shouldn't be used. Use .withValues() to avoid precision loss. Try replacing the use of the deprecated member with the replacement. - deprecated_member_use
   info - lib\features\lost_and_found\presentation\widgets\lost_found_item_card.dart:154:53 - 'withOpacity' is deprecated and shouldn't be used. Use .withValues() to avoid precision loss. Try replacing the use of the deprecated member with the replacement. - deprecated_member_use
   info - lib\features\lost_and_found\presentation\widgets\lost_found_item_card.dart:157:55 - 'withOpacity' is deprecated and shouldn't be used. Use .withValues() to avoid precision loss. Try replacing the use of the deprecated member with the replacement. - deprecated_member_use
   info - lib\features\notifications\presentation\notifications_screen.dart:224:53 - 'withOpacity' is deprecated and shouldn't be used. Use .withValues() to avoid precision loss. Try replacing the use of the deprecated member with the replacement. - deprecated_member_use
   info - lib\features\notifications\presentation\widgets\connection_requests_header.dart:106:49 - 'withOpacity' is deprecated and shouldn't be used. Use .withValues() to avoid precision loss. Try replacing the use of the deprecated member with the replacement. - deprecated_member_use
   info - lib\features\notifications\presentation\widgets\notification_tile.dart:126:50 - 'withOpacity' is deprecated and shouldn't be used. Use .withValues() to avoid precision loss. Try replacing the use of the deprecated member with the replacement. - deprecated_member_use
   info - lib\features\notifications\presentation\widgets\notification_tile.dart:132:35 - 'withOpacity' is deprecated and shouldn't be used. Use .withValues() to avoid precision loss. Try replacing the use of the deprecated member with the replacement. - deprecated_member_use
   info - lib\features\notifications\presentation\widgets\suggested_users_list.dart:253:37 - 'withOpacity' is deprecated and shouldn't be used. Use .withValues() to avoid precision loss. Try replacing the use of the deprecated member with the replacement. - deprecated_member_use
   info - lib\features\posts\presentation\likes_list_screen.dart:125:55 - 'withOpacity' is deprecated and shouldn't be used. Use .withValues() to avoid precision loss. Try replacing the use of the deprecated member with the replacement. - deprecated_member_use
   info - lib\features\posts\presentation\widgets\comment_row.dart:103:44 - 'withOpacity' is deprecated and shouldn't be used. Use .withValues() to avoid precision loss. Try replacing the use of the deprecated member with the replacement. - deprecated_member_use
   info - lib\features\posts\presentation\widgets\post_card.dart:491:49 - 'withOpacity' is deprecated and shouldn't be used. Use .withValues() to avoid precision loss. Try replacing the use of the deprecated member with the replacement. - deprecated_member_use
   info - lib\features\posts\presentation\widgets\post_card.dart:513:53 - 'withOpacity' is deprecated and shouldn't be used. Use .withValues() to avoid precision loss. Try replacing the use of the deprecated member with the replacement. - deprecated_member_use
   info - lib\features\posts\presentation\widgets\post_card.dart:552:51 - 'withOpacity' is deprecated and shouldn't be used. Use .withValues() to avoid precision loss. Try replacing the use of the deprecated member with the replacement. - deprecated_member_use
   info - lib\features\posts\presentation\widgets\step2_media_editor.dart:278:44 - 'withOpacity' is deprecated and shouldn't be used. Use .withValues() to avoid precision loss. Try replacing the use of the deprecated member with the replacement. - deprecated_member_use
   info - lib\features\posts\presentation\widgets\user_tagging_sheet.dart:216:58 - 'withOpacity' is deprecated and shouldn't be used. Use .withValues() to avoid precision loss. Try replacing the use of the deprecated member with the replacement. - deprecated_member_use
   info - lib\features\profile\presentation\connections_screen.dart:194:37 - 'withOpacity' is deprecated and shouldn't be used. Use .withValues() to avoid precision loss. Try replacing the use of the deprecated member with the replacement. - deprecated_member_use
   info - lib\features\profile\presentation\find_friends_screen.dart:238:53 - 'withOpacity' is deprecated and shouldn't be used. Use .withValues() to avoid precision loss. Try replacing the use of the deprecated member with the replacement. - deprecated_member_use
   info - lib\features\profile\presentation\profile_screen.dart:561:65 - 'withOpacity' is deprecated and shouldn't be used. Use .withValues() to avoid precision loss. Try replacing the use of the deprecated member with the replacement. - deprecated_member_use
   info - lib\features\profile\presentation\profile_screen.dart:683:59 - 'withOpacity' is deprecated and shouldn't be used. Use .withValues() to avoid precision loss. Try replacing the use of the deprecated member with the replacement. - deprecated_member_use
   info - lib\features\profile\presentation\profile_screen.dart:728:58 - 'withOpacity' is deprecated and shouldn't be used. Use .withValues() to avoid precision loss. Try replacing the use of the deprecated member with the replacement. - deprecated_member_use
   info - lib\features\profile\presentation\profile_screen.dart:750:65 - 'withOpacity' is deprecated and shouldn't be used. Use .withValues() to avoid precision loss. Try replacing the use of the deprecated member with the replacement. - deprecated_member_use
   info - lib\features\profile\presentation\requests_screen.dart:282:35 - 'withOpacity' is deprecated and shouldn't be used. Use .withValues() to avoid precision loss. Try replacing the use of the deprecated member with the replacement. - deprecated_member_use
   info - lib\features\profile\presentation\sent_requests_screen.dart:254:35 - 'withOpacity' is deprecated and shouldn't be used. Use .withValues() to avoid precision loss. Try replacing the use of the deprecated member with the replacement. - deprecated_member_use
   info - lib\features\profile\presentation\widgets\edit_profile_form.dart:55:35 - 'withOpacity' is deprecated and shouldn't be used. Use .withValues() to avoid precision loss. Try replacing the use of the deprecated member with the replacement. - deprecated_member_use
   info - lib\features\profile\presentation\widgets\edit_profile_form.dart:168:32 - 'withOpacity' is deprecated and shouldn't be used. Use .withValues() to avoid precision loss. Try replacing the use of the deprecated member with the replacement. - deprecated_member_use
   info - lib\features\profile\presentation\widgets\profile_header.dart:48:39 - 'withOpacity' is deprecated and shouldn't be used. Use .withValues() to avoid precision loss. Try replacing the use of the deprecated member with the replacement. - deprecated_member_use
   info - lib\features\profile\presentation\widgets\profile_info.dart:79:34 - 'withOpacity' is deprecated and shouldn't be used. Use .withValues() to avoid precision loss. Try replacing the use of the deprecated member with the replacement. - deprecated_member_use
   info - lib\features\profile\presentation\widgets\profile_info.dart:103:34 - 'withOpacity' is deprecated and shouldn't be used. Use .withValues() to avoid precision loss. Try replacing the use of the deprecated member with the replacement. - deprecated_member_use
   info - lib\features\profile\presentation\widgets\profile_posts_grid.dart:158:43 - 'withOpacity' is deprecated and shouldn't be used. Use .withValues() to avoid precision loss. Try replacing the use of the deprecated member with the replacement. - deprecated_member_use
   info - lib\features\profile\presentation\widgets\profile_posts_grid.dart:204:44 - 'withOpacity' is deprecated and shouldn't be used. Use .withValues() to avoid precision loss. Try replacing the use of the deprecated member with the replacement. - deprecated_member_use
   info - lib\features\profile\presentation\widgets\share_profile_sheet.dart:115:34 - 'withOpacity' is deprecated and shouldn't be used. Use .withValues() to avoid precision loss. Try replacing the use of the deprecated member with the replacement. - deprecated_member_use
   info - lib\features\profile\presentation\widgets\share_profile_sheet.dart:145:42 - 'withOpacity' is deprecated and shouldn't be used. Use .withValues() to avoid precision loss. Try replacing the use of the deprecated member with the replacement. - deprecated_member_use
   info - lib\features\stories\presentation\story_creator_screen.dart:480:46 - 'withOpacity' is deprecated and shouldn't be used. Use .withValues() to avoid precision loss. Try replacing the use of the deprecated member with the replacement. - deprecated_member_use
   info - lib\features\stories\presentation\story_creator_screen.dart:483:46 - 'withOpacity' is deprecated and shouldn't be used. Use .withValues() to avoid precision loss. Try replacing the use of the deprecated member with the replacement. - deprecated_member_use
   info - lib\features\stories\presentation\story_editor_view.dart:80:34 - 'withOpacity' is deprecated and shouldn't be used. Use .withValues() to avoid precision loss. Try replacing the use of the deprecated member with the replacement. - deprecated_member_use
   info - lib\features\stories\presentation\story_editor_view.dart:381:52 - 'withOpacity' is deprecated and shouldn't be used. Use .withValues() to avoid precision loss. Try replacing the use of the deprecated member with the replacement. - deprecated_member_use
   info - lib\features\stories\presentation\story_gallery_view.dart:375:55 - 'withOpacity' is deprecated and shouldn't be used. Use .withValues() to avoid precision loss. Try replacing the use of the deprecated member with the replacement. - deprecated_member_use
   info - lib\features\stories\presentation\story_view_screen.dart:208:43 - 'withOpacity' is deprecated and shouldn't be used. Use .withValues() to avoid precision loss. Try replacing the use of the deprecated member with the replacement. - deprecated_member_use
   info - lib\features\stories\presentation\story_view_screen.dart:223:43 - 'withOpacity' is deprecated and shouldn't be used. Use .withValues() to avoid precision loss. Try replacing the use of the deprecated member with the replacement. - deprecated_member_use
   info - lib\features\stories\presentation\story_view_screen.dart:360:38 - 'withOpacity' is deprecated and shouldn't be used. Use .withValues() to avoid precision loss. Try replacing the use of the deprecated member with the replacement. - deprecated_member_use
   info - lib\features\transport\presentation\bus_list_screen.dart:86:45 - 'withOpacity' is deprecated and shouldn't be used. Use .withValues() to avoid precision loss. Try replacing the use of the deprecated member with the replacement. - deprecated_member_use
   info - lib\features\transport\presentation\driver_tracking_screen.dart:284:43 - 'withOpacity' is deprecated and shouldn't be used. Use .withValues() to avoid precision loss. Try replacing the use of the deprecated member with the replacement. - deprecated_member_use
   info - lib\features\transport\presentation\driver_tracking_screen.dart:303:61 - 'withOpacity' is deprecated and shouldn't be used. Use .withValues() to avoid precision loss. Try replacing the use of the deprecated member with the replacement. - deprecated_member_use
   info - lib\features\transport\presentation\driver_tracking_screen.dart:311:43 - 'withOpacity' is deprecated and shouldn't be used. Use .withValues() to avoid precision loss. Try replacing the use of the deprecated member with the replacement. - deprecated_member_use
   info - lib\features\transport\presentation\driver_tracking_screen.dart:379:36 - 'withOpacity' is deprecated and shouldn't be used. Use .withValues() to avoid precision loss. Try replacing the use of the deprecated member with the replacement. - deprecated_member_use
   info - lib\features\transport\presentation\user_bus_tracking_screen.dart:156:32 - 'withOpacity' is deprecated and shouldn't be used. Use .withValues() to avoid precision loss. Try replacing the use of the deprecated member with the replacement. - deprecated_member_use
   info - lib\features\transport\presentation\user_bus_tracking_screen.dart:157:32 - 'withOpacity' is deprecated and shouldn't be used. Use .withValues() to avoid precision loss. Try replacing the use of the deprecated member with the replacement. - deprecated_member_use
   info - lib\features\transport\presentation\user_bus_tracking_screen.dart:235:47 - 'withOpacity' is deprecated and shouldn't be used. Use .withValues() to avoid precision loss. Try replacing the use of the deprecated member with the replacement. - deprecated_member_use
   info - lib\features\transport\presentation\user_bus_tracking_screen.dart:295:30 - 'withOpacity' is deprecated and shouldn't be used. Use .withValues() to avoid precision loss. Try replacing the use of the deprecated member with the replacement. - deprecated_member_use
   info - lib\features\transport\presentation\user_bus_tracking_screen.dart:335:38 - 'withOpacity' is deprecated and shouldn't be used. Use .withValues() to avoid precision loss. Try replacing the use of the deprecated member with the replacement. - deprecated_member_use
   info - lib\features\transport\presentation\user_bus_tracking_screen.dart:336:38 - 'withOpacity' is deprecated and shouldn't be used. Use .withValues() to avoid precision loss. Try replacing the use of the deprecated member with the replacement. - deprecated_member_use

631 issues found.
